Archive member included to satisfy reference by file (symbol)

/usr/local/Cellar/arm-none-eabi-gcc/9-2019-q4-major/gcc/bin/../lib/gcc/arm-none-eabi/9.2.1/../../../../arm-none-eabi/lib/thumb/v7-m/nofp/libc_nano.a(lib_a-exit.o)
                              /usr/local/Cellar/arm-none-eabi-gcc/9-2019-q4-major/gcc/bin/../lib/gcc/arm-none-eabi/9.2.1/../../../../arm-none-eabi/lib/thumb/v7-m/nofp/crt0.o (exit)
/usr/local/Cellar/arm-none-eabi-gcc/9-2019-q4-major/gcc/bin/../lib/gcc/arm-none-eabi/9.2.1/../../../../arm-none-eabi/lib/thumb/v7-m/nofp/libc_nano.a(lib_a-impure.o)
                              /usr/local/Cellar/arm-none-eabi-gcc/9-2019-q4-major/gcc/bin/../lib/gcc/arm-none-eabi/9.2.1/../../../../arm-none-eabi/lib/thumb/v7-m/nofp/libc_nano.a(lib_a-exit.o) (_global_impure_ptr)
/usr/local/Cellar/arm-none-eabi-gcc/9-2019-q4-major/gcc/bin/../lib/gcc/arm-none-eabi/9.2.1/../../../../arm-none-eabi/lib/thumb/v7-m/nofp/libc_nano.a(lib_a-init.o)
                              /usr/local/Cellar/arm-none-eabi-gcc/9-2019-q4-major/gcc/bin/../lib/gcc/arm-none-eabi/9.2.1/../../../../arm-none-eabi/lib/thumb/v7-m/nofp/crt0.o (__libc_init_array)
/usr/local/Cellar/arm-none-eabi-gcc/9-2019-q4-major/gcc/bin/../lib/gcc/arm-none-eabi/9.2.1/../../../../arm-none-eabi/lib/thumb/v7-m/nofp/libc_nano.a(lib_a-memset.o)
                              /usr/local/Cellar/arm-none-eabi-gcc/9-2019-q4-major/gcc/bin/../lib/gcc/arm-none-eabi/9.2.1/../../../../arm-none-eabi/lib/thumb/v7-m/nofp/crt0.o (memset)
/usr/local/Cellar/arm-none-eabi-gcc/9-2019-q4-major/gcc/bin/../lib/gcc/arm-none-eabi/9.2.1/../../../../arm-none-eabi/lib/thumb/v7-m/nofp/libc_nano.a(lib_a-strlen.o)
                              build/usbd_cdc_if.o (strlen)
/usr/local/Cellar/arm-none-eabi-gcc/9-2019-q4-major/gcc/bin/../lib/gcc/arm-none-eabi/9.2.1/../../../../arm-none-eabi/lib/thumb/v7-m/nofp/libnosys.a(_exit.o)
                              /usr/local/Cellar/arm-none-eabi-gcc/9-2019-q4-major/gcc/bin/../lib/gcc/arm-none-eabi/9.2.1/../../../../arm-none-eabi/lib/thumb/v7-m/nofp/libc_nano.a(lib_a-exit.o) (_exit)

Allocating common symbols
Common symbol       size              file

hUsbDeviceFS        0x2c4             build/usb_device.o
uwTick              0x4               build/stm32f1xx_hal.o
pFlash              0x20              build/stm32f1xx_hal_flash.o
UserRxBufferFS      0x3e8             build/usbd_cdc_if.o
UserTxBufferFS      0x3e8             build/usbd_cdc_if.o
hpcd_USB_FS         0x2ec             build/usbd_conf.o
USBD_StrDesc        0x200             build/usbd_desc.o

Discarded input sections

 .text          0x0000000000000000        0x0 /usr/local/Cellar/arm-none-eabi-gcc/9-2019-q4-major/gcc/bin/../lib/gcc/arm-none-eabi/9.2.1/thumb/v7-m/nofp/crti.o
 .data          0x0000000000000000        0x0 /usr/local/Cellar/arm-none-eabi-gcc/9-2019-q4-major/gcc/bin/../lib/gcc/arm-none-eabi/9.2.1/thumb/v7-m/nofp/crti.o
 .bss           0x0000000000000000        0x0 /usr/local/Cellar/arm-none-eabi-gcc/9-2019-q4-major/gcc/bin/../lib/gcc/arm-none-eabi/9.2.1/thumb/v7-m/nofp/crti.o
 .data          0x0000000000000000        0x4 /usr/local/Cellar/arm-none-eabi-gcc/9-2019-q4-major/gcc/bin/../lib/gcc/arm-none-eabi/9.2.1/thumb/v7-m/nofp/crtbegin.o
 .text          0x0000000000000000       0x74 /usr/local/Cellar/arm-none-eabi-gcc/9-2019-q4-major/gcc/bin/../lib/gcc/arm-none-eabi/9.2.1/../../../../arm-none-eabi/lib/thumb/v7-m/nofp/crt0.o
 .data          0x0000000000000000        0x0 /usr/local/Cellar/arm-none-eabi-gcc/9-2019-q4-major/gcc/bin/../lib/gcc/arm-none-eabi/9.2.1/../../../../arm-none-eabi/lib/thumb/v7-m/nofp/crt0.o
 .bss           0x0000000000000000        0x0 /usr/local/Cellar/arm-none-eabi-gcc/9-2019-q4-major/gcc/bin/../lib/gcc/arm-none-eabi/9.2.1/../../../../arm-none-eabi/lib/thumb/v7-m/nofp/crt0.o
 .ARM.extab     0x0000000000000000        0x0 /usr/local/Cellar/arm-none-eabi-gcc/9-2019-q4-major/gcc/bin/../lib/gcc/arm-none-eabi/9.2.1/../../../../arm-none-eabi/lib/thumb/v7-m/nofp/crt0.o
 .ARM.exidx     0x0000000000000000        0x8 /usr/local/Cellar/arm-none-eabi-gcc/9-2019-q4-major/gcc/bin/../lib/gcc/arm-none-eabi/9.2.1/../../../../arm-none-eabi/lib/thumb/v7-m/nofp/crt0.o
 .ARM.attributes
                0x0000000000000000       0x1b /usr/local/Cellar/arm-none-eabi-gcc/9-2019-q4-major/gcc/bin/../lib/gcc/arm-none-eabi/9.2.1/../../../../arm-none-eabi/lib/thumb/v7-m/nofp/crt0.o
 .text          0x0000000000000000        0x0 build/main.o
 .data          0x0000000000000000        0x0 build/main.o
 .bss           0x0000000000000000        0x0 build/main.o
 .text          0x0000000000000000        0x0 build/stm32f1xx_it.o
 .data          0x0000000000000000        0x0 build/stm32f1xx_it.o
 .bss           0x0000000000000000        0x0 build/stm32f1xx_it.o
 .text          0x0000000000000000        0x0 build/stm32f1xx_hal_msp.o
 .data          0x0000000000000000        0x0 build/stm32f1xx_hal_msp.o
 .bss           0x0000000000000000        0x0 build/stm32f1xx_hal_msp.o
[...]
Memory Configuration

Name             Origin             Length             Attributes
RAM              0x0000000020000000 0x0000000000005000 xrw
FLASH            0x0000000008000000 0x0000000000010000 xr
*default*        0x0000000000000000 0xffffffffffffffff

Linker script and memory map

LOAD /usr/local/Cellar/arm-none-eabi-gcc/9-2019-q4-major/gcc/bin/../lib/gcc/arm-none-eabi/9.2.1/thumb/v7-m/nofp/crti.o
LOAD /usr/local/Cellar/arm-none-eabi-gcc/9-2019-q4-major/gcc/bin/../lib/gcc/arm-none-eabi/9.2.1/thumb/v7-m/nofp/crtbegin.o
LOAD /usr/local/Cellar/arm-none-eabi-gcc/9-2019-q4-major/gcc/bin/../lib/gcc/arm-none-eabi/9.2.1/../../../../arm-none-eabi/lib/thumb/v7-m/nofp/crt0.o
LOAD build/main.o
LOAD build/stm32f1xx_it.o
LOAD build/stm32f1xx_hal_msp.o
LOAD build/usb_device.o
LOAD build/usbd_desc.o
LOAD build/usbd_cdc_if.o
LOAD build/usbd_conf.o
LOAD build/stm32f1xx_hal_gpio_ex.o
LOAD build/stm32f1xx_hal_pcd.o
LOAD build/stm32f1xx_hal_pcd_ex.o
LOAD build/stm32f1xx_ll_usb.o
LOAD build/stm32f1xx_hal.o
LOAD build/stm32f1xx_hal_rcc.o
LOAD build/stm32f1xx_hal_rcc_ex.o
LOAD build/stm32f1xx_hal_gpio.o
LOAD build/stm32f1xx_hal_dma.o
LOAD build/stm32f1xx_hal_cortex.o
LOAD build/stm32f1xx_hal_pwr.o
LOAD build/stm32f1xx_hal_flash.o
LOAD build/stm32f1xx_hal_flash_ex.o
LOAD build/stm32f1xx_hal_exti.o
LOAD build/stm32f1xx_hal_tim.o
LOAD build/stm32f1xx_hal_tim_ex.o
LOAD build/system_stm32f1xx.o
LOAD build/usbd_core.o
LOAD build/usbd_ctlreq.o
LOAD build/usbd_ioreq.o
LOAD build/usbd_cdc.o
LOAD build/startup_stm32f103xb.o
LOAD /usr/local/Cellar/arm-none-eabi-gcc/9-2019-q4-major/gcc/bin/../lib/gcc/arm-none-eabi/9.2.1/../../../../arm-none-eabi/lib/thumb/v7-m/nofp/libc_nano.a
LOAD /usr/local/Cellar/arm-none-eabi-gcc/9-2019-q4-major/gcc/bin/../lib/gcc/arm-none-eabi/9.2.1/../../../../arm-none-eabi/lib/thumb/v7-m/nofp/libm.a
LOAD /usr/local/Cellar/arm-none-eabi-gcc/9-2019-q4-major/gcc/bin/../lib/gcc/arm-none-eabi/9.2.1/../../../../arm-none-eabi/lib/thumb/v7-m/nofp/libnosys.a
START GROUP
LOAD /usr/local/Cellar/arm-none-eabi-gcc/9-2019-q4-major/gcc/bin/../lib/gcc/arm-none-eabi/9.2.1/thumb/v7-m/nofp/libgcc.a
LOAD /usr/local/Cellar/arm-none-eabi-gcc/9-2019-q4-major/gcc/bin/../lib/gcc/arm-none-eabi/9.2.1/../../../../arm-none-eabi/lib/thumb/v7-m/nofp/libc_nano.a
END GROUP
START GROUP
LOAD /usr/local/Cellar/arm-none-eabi-gcc/9-2019-q4-major/gcc/bin/../lib/gcc/arm-none-eabi/9.2.1/thumb/v7-m/nofp/libgcc.a
LOAD /usr/local/Cellar/arm-none-eabi-gcc/9-2019-q4-major/gcc/bin/../lib/gcc/arm-none-eabi/9.2.1/../../../../arm-none-eabi/lib/thumb/v7-m/nofp/libc_nano.a
END GROUP
LOAD /usr/local/Cellar/arm-none-eabi-gcc/9-2019-q4-major/gcc/bin/../lib/gcc/arm-none-eabi/9.2.1/thumb/v7-m/nofp/crtend.o
LOAD /usr/local/Cellar/arm-none-eabi-gcc/9-2019-q4-major/gcc/bin/../lib/gcc/arm-none-eabi/9.2.1/thumb/v7-m/nofp/crtn.o
                0x0000000020005000                _estack = 0x20005000
                0x0000000000000200                _Min_Heap_Size = 0x200
                0x0000000000000400                _Min_Stack_Size = 0x400

.isr_vector     0x0000000008000000      0x10c
                0x0000000008000000                . = ALIGN (0x4)
 *(.isr_vector)
 .isr_vector    0x0000000008000000      0x10c build/startup_stm32f103xb.o
                0x0000000008000000                g_pfnVectors
                0x000000000800010c                . = ALIGN (0x4)

.text           0x000000000800010c     0x3b00
                0x000000000800010c                . = ALIGN (0x4)
 *(.text)
 .text          0x000000000800010c       0x40 /usr/local/Cellar/arm-none-eabi-gcc/9-2019-q4-major/gcc/bin/../lib/gcc/arm-none-eabi/9.2.1/thumb/v7-m/nofp/crtbegin.o
 .text          0x000000000800014c       0x10 /usr/local/Cellar/arm-none-eabi-gcc/9-2019-q4-major/gcc/bin/../lib/gcc/arm-none-eabi/9.2.1/../../../../arm-none-eabi/lib/thumb/v7-m/nofp/libc_nano.a(lib_a-strlen.o)
                0x000000000800014c                strlen
 *(.text*)
 .text.MX_GPIO_Init
                0x000000000800015c       0x78 build/main.o
 .text.Error_Handler
                0x00000000080001d4        0x4 build/main.o
                0x00000000080001d4                Error_Handler
 .text.SystemClock_Config
                0x00000000080001d8       0x82 build/main.o
                0x00000000080001d8                SystemClock_Config
 .text.main     0x000000000800025a       0x14 build/main.o
                0x000000000800025a                main
 .text.NMI_Handler
                0x000000000800026e        0x2 build/stm32f1xx_it.o
                0x000000000800026e                NMI_Handler
 .text.HardFault_Handler
                0x0000000008000270        0x2 build/stm32f1xx_it.o
                0x0000000008000270                HardFault_Handler
 .text.MemManage_Handler
                0x0000000008000272        0x2 build/stm32f1xx_it.o
                0x0000000008000272                MemManage_Handler
 .text.BusFault_Handler
                0x0000000008000274        0x2 build/stm32f1xx_it.o
                0x0000000008000274                BusFault_Handler
 .text.UsageFault_Handler
                0x0000000008000276        0x2 build/stm32f1xx_it.o
                0x0000000008000276                UsageFault_Handler
 .text.SVC_Handler
                0x0000000008000278        0x2 build/stm32f1xx_it.o
                0x0000000008000278                SVC_Handler
 .text.DebugMon_Handler
                0x000000000800027a        0x2 build/stm32f1xx_it.o
                0x000000000800027a                DebugMon_Handler
 .text.PendSV_Handler
                0x000000000800027c        0x2 build/stm32f1xx_it.o
                0x000000000800027c                PendSV_Handler
 .text.SysTick_Handler
                0x000000000800027e        0x8 build/stm32f1xx_it.o
                0x000000000800027e                SysTick_Handler
 *fill*         0x0000000008000286        0x2 
 .text.USB_LP_CAN1_RX0_IRQHandler
                0x0000000008000288       0x10 build/stm32f1xx_it.o
                0x0000000008000288                USB_LP_CAN1_RX0_IRQHandler
 .text.HAL_MspInit
                0x0000000008000298       0x44 build/stm32f1xx_hal_msp.o
                0x0000000008000298                HAL_MspInit
 .text.MX_USB_DEVICE_Init
                0x00000000080002dc       0x54 build/usb_device.o
                0x00000000080002dc                MX_USB_DEVICE_Init
 .text.USBD_FS_DeviceDescriptor
                0x0000000008000330        0xc build/usbd_desc.o
                0x0000000008000330                USBD_FS_DeviceDescriptor
 .text.USBD_FS_LangIDStrDescriptor
                0x000000000800033c        0xc build/usbd_desc.o
                0x000000000800033c                USBD_FS_LangIDStrDescriptor
 .text.IntToUnicode
                0x0000000008000348       0x38 build/usbd_desc.o
 .text.Get_SerialNum
                0x0000000008000380       0x34 build/usbd_desc.o
 .text.USBD_FS_SerialStrDescriptor
                0x00000000080003b4       0x14 build/usbd_desc.o
                0x00000000080003b4                USBD_FS_SerialStrDescriptor
 .text.USBD_FS_ProductStrDescriptor
                0x00000000080003c8       0x24 build/usbd_desc.o
                0x00000000080003c8                USBD_FS_ProductStrDescriptor
 .text.USBD_FS_ManufacturerStrDescriptor
                0x00000000080003ec       0x1c build/usbd_desc.o
                0x00000000080003ec                USBD_FS_ManufacturerStrDescriptor
 .text.USBD_FS_ConfigStrDescriptor
                0x0000000008000408       0x24 build/usbd_desc.o
                0x0000000008000408                USBD_FS_ConfigStrDescriptor
 .text.USBD_FS_InterfaceStrDescriptor
                0x000000000800042c       0x24 build/usbd_desc.o
                0x000000000800042c                USBD_FS_InterfaceStrDescriptor
 .text.CDC_DeInit_FS
                0x0000000008000450        0x4 build/usbd_cdc_if.o
 .text.CDC_Control_FS
                0x0000000008000454        0x4 build/usbd_cdc_if.o
 .text.CDC_Init_FS
                0x0000000008000458       0x28 build/usbd_cdc_if.o
 .text.CDC_Transmit_FS
                0x0000000008000480       0x2c build/usbd_cdc_if.o
                0x0000000008000480                CDC_Transmit_FS
 .text.CDC_Receive_FS
                0x00000000080004ac       0x88 build/usbd_cdc_if.o
 .text.USBD_Get_USB_Status
                0x0000000008000534       0x14 build/usbd_conf.o
 .text.HAL_PCD_MspInit
                0x0000000008000548       0x40 build/usbd_conf.o
                0x0000000008000548                HAL_PCD_MspInit
 .text.HAL_PCD_SetupStageCallback
                0x0000000008000588       0x10 build/usbd_conf.o
                0x0000000008000588                HAL_PCD_SetupStageCallback
 .text.HAL_PCD_DataOutStageCallback
                0x0000000008000598       0x18 build/usbd_conf.o
                0x0000000008000598                HAL_PCD_DataOutStageCallback
 .text.HAL_PCD_DataInStageCallback
                0x00000000080005b0       0x16 build/usbd_conf.o
                0x00000000080005b0                HAL_PCD_DataInStageCallback
 .text.HAL_PCD_SOFCallback
                0x00000000080005c6        0xc build/usbd_conf.o
                0x00000000080005c6                HAL_PCD_SOFCallback
 .text.HAL_PCD_ResetCallback
                0x00000000080005d2       0x24 build/usbd_conf.o
                0x00000000080005d2                HAL_PCD_ResetCallback
 *fill*         0x00000000080005f6        0x2 
 .text.HAL_PCD_SuspendCallback
                0x00000000080005f8       0x20 build/usbd_conf.o
                0x00000000080005f8                HAL_PCD_SuspendCallback
 .text.HAL_PCD_ResumeCallback
                0x0000000008000618        0xc build/usbd_conf.o
                0x0000000008000618                HAL_PCD_ResumeCallback
 .text.USBD_LL_Init
                0x0000000008000624       0x84 build/usbd_conf.o
                0x0000000008000624                USBD_LL_Init
 .text.USBD_LL_Start
                0x00000000080006a8       0x10 build/usbd_conf.o
                0x00000000080006a8                USBD_LL_Start
 .text.USBD_LL_OpenEP
                0x00000000080006b8       0x16 build/usbd_conf.o
                0x00000000080006b8                USBD_LL_OpenEP
 .text.USBD_LL_CloseEP
                0x00000000080006ce       0x10 build/usbd_conf.o
                0x00000000080006ce                USBD_LL_CloseEP
 .text.USBD_LL_StallEP
                0x00000000080006de       0x10 build/usbd_conf.o
                0x00000000080006de                USBD_LL_StallEP
 .text.USBD_LL_ClearStallEP
                0x00000000080006ee       0x10 build/usbd_conf.o
                0x00000000080006ee                USBD_LL_ClearStallEP
 .text.USBD_LL_IsStallEP
                0x00000000080006fe       0x2e build/usbd_conf.o
                0x00000000080006fe                USBD_LL_IsStallEP
 .text.USBD_LL_SetUSBAddress
                0x000000000800072c       0x10 build/usbd_conf.o
                0x000000000800072c                USBD_LL_SetUSBAddress
 .text.USBD_LL_Transmit
                0x000000000800073c       0x10 build/usbd_conf.o
                0x000000000800073c                USBD_LL_Transmit
 .text.USBD_LL_PrepareReceive
                0x000000000800074c       0x10 build/usbd_conf.o
                0x000000000800074c                USBD_LL_PrepareReceive
 .text.USBD_LL_GetRxDataSize
                0x000000000800075c        0xc build/usbd_conf.o
                0x000000000800075c                USBD_LL_GetRxDataSize
 .text.USBD_static_malloc
                0x0000000008000768        0x8 build/usbd_conf.o
                0x0000000008000768                USBD_static_malloc
 .text.USBD_static_free
                0x0000000008000770        0x2 build/usbd_conf.o
                0x0000000008000770                USBD_static_free
 .text.HAL_PCDEx_SetConnectionState
                0x0000000008000772        0x2 build/usbd_conf.o
                0x0000000008000772                HAL_PCDEx_SetConnectionState
 .text.HAL_PCD_EP_DB_Receive
                0x0000000008000774      0x116 build/stm32f1xx_hal_pcd.o
 .text.HAL_PCD_Init
                0x000000000800088a      0x10c build/stm32f1xx_hal_pcd.o
                0x000000000800088a                HAL_PCD_Init
 .text.HAL_PCD_Start
                0x0000000008000996       0x32 build/stm32f1xx_hal_pcd.o
                0x0000000008000996                HAL_PCD_Start
 .text.HAL_PCD_EP_DB_Transmit
                0x00000000080009c8      0x2d6 build/stm32f1xx_hal_pcd.o
 .text.PCD_EP_ISR_Handler
                0x0000000008000c9e      0x432 build/stm32f1xx_hal_pcd.o
 .text.HAL_PCD_SetAddress
                0x00000000080010d0       0x28 build/stm32f1xx_hal_pcd.o
                0x00000000080010d0                HAL_PCD_SetAddress
 .text.HAL_PCD_IRQHandler
                0x00000000080010f8      0x1d2 build/stm32f1xx_hal_pcd.o
                0x00000000080010f8                HAL_PCD_IRQHandler
 .text.HAL_PCD_EP_Open
                0x00000000080012ca       0x78 build/stm32f1xx_hal_pcd.o
                0x00000000080012ca                HAL_PCD_EP_Open
 .text.HAL_PCD_EP_Close
                0x0000000008001342       0x64 build/stm32f1xx_hal_pcd.o
                0x0000000008001342                HAL_PCD_EP_Close
 .text.HAL_PCD_EP_Receive
                0x00000000080013a6       0x44 build/stm32f1xx_hal_pcd.o
                0x00000000080013a6                HAL_PCD_EP_Receive
 .text.HAL_PCD_EP_GetRxCount
                0x00000000080013ea       0x12 build/stm32f1xx_hal_pcd.o
                0x00000000080013ea                HAL_PCD_EP_GetRxCount
 .text.HAL_PCD_EP_Transmit
                0x00000000080013fc       0x46 build/stm32f1xx_hal_pcd.o
                0x00000000080013fc                HAL_PCD_EP_Transmit
 .text.HAL_PCD_EP_SetStall
                0x0000000008001442       0x78 build/stm32f1xx_hal_pcd.o
                0x0000000008001442                HAL_PCD_EP_SetStall
 .text.HAL_PCD_EP_ClrStall
                0x00000000080014ba       0x76 build/stm32f1xx_hal_pcd.o
                0x00000000080014ba                HAL_PCD_EP_ClrStall
 .text.HAL_PCDEx_PMAConfig
                0x0000000008001530       0x38 build/stm32f1xx_hal_pcd_ex.o
                0x0000000008001530                HAL_PCDEx_PMAConfig
 .text.USB_CoreInit
                0x0000000008001568        0xe build/stm32f1xx_ll_usb.o
                0x0000000008001568                USB_CoreInit
 .text.USB_EnableGlobalInt
                0x0000000008001576       0x12 build/stm32f1xx_ll_usb.o
                0x0000000008001576                USB_EnableGlobalInt
 .text.USB_DisableGlobalInt
                0x0000000008001588       0x14 build/stm32f1xx_ll_usb.o
                0x0000000008001588                USB_DisableGlobalInt
 .text.USB_SetCurrentMode
                0x000000000800159c        0x4 build/stm32f1xx_ll_usb.o
                0x000000000800159c                USB_SetCurrentMode
 .text.USB_DevInit
                0x00000000080015a0       0x26 build/stm32f1xx_ll_usb.o
                0x00000000080015a0                USB_DevInit
 .text.USB_ActivateEndpoint
                0x00000000080015c6      0x33e build/stm32f1xx_ll_usb.o
                0x00000000080015c6                USB_ActivateEndpoint
 .text.USB_DeactivateEndpoint
                0x0000000008001904      0x1d4 build/stm32f1xx_ll_usb.o
                0x0000000008001904                USB_DeactivateEndpoint
 .text.USB_EPSetStall
                0x0000000008001ad8       0x4a build/stm32f1xx_ll_usb.o
                0x0000000008001ad8                USB_EPSetStall
 .text.USB_EPClearStall
                0x0000000008001b22       0xa2 build/stm32f1xx_ll_usb.o
                0x0000000008001b22                USB_EPClearStall
 .text.USB_SetDevAddress
                0x0000000008001bc4        0xc build/stm32f1xx_ll_usb.o
                0x0000000008001bc4                USB_SetDevAddress
 .text.USB_DevConnect
                0x0000000008001bd0        0x4 build/stm32f1xx_ll_usb.o
                0x0000000008001bd0                USB_DevConnect
 .text.USB_DevDisconnect
                0x0000000008001bd4        0x4 build/stm32f1xx_ll_usb.o
                0x0000000008001bd4                USB_DevDisconnect
 .text.USB_ReadInterrupts
                0x0000000008001bd8        0x8 build/stm32f1xx_ll_usb.o
                0x0000000008001bd8                USB_ReadInterrupts
 .text.USB_EP0_OutStart
                0x0000000008001be0        0x4 build/stm32f1xx_ll_usb.o
                0x0000000008001be0                USB_EP0_OutStart
 .text.USB_WritePMA
                0x0000000008001be4       0x26 build/stm32f1xx_ll_usb.o
                0x0000000008001be4                USB_WritePMA
 .text.USB_EPStartXfer
                0x0000000008001c0a      0x79e build/stm32f1xx_ll_usb.o
                0x0000000008001c0a                USB_EPStartXfer
 .text.USB_ReadPMA
                0x00000000080023a8       0x2e build/stm32f1xx_ll_usb.o
                0x00000000080023a8                USB_ReadPMA
 *fill*         0x00000000080023d6        0x2 
 .text.HAL_InitTick
                0x00000000080023d8       0x4c build/stm32f1xx_hal.o
                0x00000000080023d8                HAL_InitTick
 .text.HAL_Init
                0x0000000008002424       0x24 build/stm32f1xx_hal.o
                0x0000000008002424                HAL_Init
 .text.HAL_IncTick
                0x0000000008002448       0x18 build/stm32f1xx_hal.o
                0x0000000008002448                HAL_IncTick
 .text.HAL_GetTick
                0x0000000008002460        0xc build/stm32f1xx_hal.o
                0x0000000008002460                HAL_GetTick
 .text.RCC_Delay
                0x000000000800246c       0x2c build/stm32f1xx_hal_rcc.o
 .text.HAL_RCC_OscConfig
                0x0000000008002498      0x410 build/stm32f1xx_hal_rcc.o
                0x0000000008002498                HAL_RCC_OscConfig
 .text.HAL_RCC_GetSysClockFreq
                0x00000000080028a8       0x6c build/stm32f1xx_hal_rcc.o
                0x00000000080028a8                HAL_RCC_GetSysClockFreq
 .text.HAL_RCC_ClockConfig
                0x0000000008002914      0x16c build/stm32f1xx_hal_rcc.o
                0x0000000008002914                HAL_RCC_ClockConfig
 .text.HAL_RCCEx_PeriphCLKConfig
                0x0000000008002a80      0x114 build/stm32f1xx_hal_rcc_ex.o
                0x0000000008002a80                HAL_RCCEx_PeriphCLKConfig
 .text.HAL_GPIO_Init
                0x0000000008002b94      0x220 build/stm32f1xx_hal_gpio.o
                0x0000000008002b94                HAL_GPIO_Init
 .text.HAL_GPIO_WritePin
                0x0000000008002db4        0xc build/stm32f1xx_hal_gpio.o
                0x0000000008002db4                HAL_GPIO_WritePin
 .text.HAL_NVIC_SetPriorityGrouping
                0x0000000008002dc0       0x24 build/stm32f1xx_hal_cortex.o
                0x0000000008002dc0                HAL_NVIC_SetPriorityGrouping
 .text.HAL_NVIC_SetPriority
                0x0000000008002de4       0x68 build/stm32f1xx_hal_cortex.o
                0x0000000008002de4                HAL_NVIC_SetPriority
 .text.HAL_NVIC_EnableIRQ
                0x0000000008002e4c       0x1c build/stm32f1xx_hal_cortex.o
                0x0000000008002e4c                HAL_NVIC_EnableIRQ
 .text.HAL_SYSTICK_Config
                0x0000000008002e68       0x2c build/stm32f1xx_hal_cortex.o
                0x0000000008002e68                HAL_SYSTICK_Config
 .text.SystemInit
                0x0000000008002e94        0x2 build/system_stm32f1xx.o
                0x0000000008002e94                SystemInit
 .text.USBD_Init
                0x0000000008002e96       0x2e build/usbd_core.o
                0x0000000008002e96                USBD_Init
 .text.USBD_RegisterClass
                0x0000000008002ec4        0xe build/usbd_core.o
                0x0000000008002ec4                USBD_RegisterClass
 .text.USBD_Start
                0x0000000008002ed2        0xa build/usbd_core.o
                0x0000000008002ed2                USBD_Start
 .text.USBD_SetClassConfig
                0x0000000008002edc       0x18 build/usbd_core.o
                0x0000000008002edc                USBD_SetClassConfig
 .text.USBD_ClrClassConfig
                0x0000000008002ef4        0xe build/usbd_core.o
                0x0000000008002ef4                USBD_ClrClassConfig
 .text.USBD_LL_SetupStage
                0x0000000008002f02       0x5a build/usbd_core.o
                0x0000000008002f02                USBD_LL_SetupStage
 .text.USBD_LL_DataOutStage
                0x0000000008002f5c       0x8c build/usbd_core.o
                0x0000000008002f5c                USBD_LL_DataOutStage
 .text.USBD_LL_DataInStage
                0x0000000008002fe8       0xd0 build/usbd_core.o
                0x0000000008002fe8                USBD_LL_DataInStage
 .text.USBD_LL_Reset
                0x00000000080030b8       0x50 build/usbd_core.o
                0x00000000080030b8                USBD_LL_Reset
 .text.USBD_LL_SetSpeed
                0x0000000008003108        0x6 build/usbd_core.o
                0x0000000008003108                USBD_LL_SetSpeed
 .text.USBD_LL_Suspend
                0x000000000800310e       0x12 build/usbd_core.o
                0x000000000800310e                USBD_LL_Suspend
 .text.USBD_LL_Resume
                0x0000000008003120       0x16 build/usbd_core.o
                0x0000000008003120                USBD_LL_Resume
 .text.USBD_LL_SOF
                0x0000000008003136       0x1c build/usbd_core.o
                0x0000000008003136                USBD_LL_SOF
 .text.USBD_GetLen
                0x0000000008003152       0x12 build/usbd_ctlreq.o
 .text.USBD_SetFeature
                0x0000000008003164       0x14 build/usbd_ctlreq.o
 .text.USBD_ParseSetupRequest
                0x0000000008003178       0x28 build/usbd_ctlreq.o
                0x0000000008003178                USBD_ParseSetupRequest
 .text.USBD_CtlError
                0x00000000080031a0       0x14 build/usbd_ctlreq.o
                0x00000000080031a0                USBD_CtlError
 .text.USBD_GetDescriptor
                0x00000000080031b4      0x186 build/usbd_ctlreq.o
 .text.USBD_SetAddress
                0x000000000800333a       0x4e build/usbd_ctlreq.o
 .text.USBD_SetConfig
                0x0000000008003388       0xb0 build/usbd_ctlreq.o
 .text.USBD_GetConfig
                0x0000000008003438       0x3e build/usbd_ctlreq.o
 .text.USBD_GetStatus
                0x0000000008003476       0x38 build/usbd_ctlreq.o
 .text.USBD_ClrFeature
                0x00000000080034ae       0x26 build/usbd_ctlreq.o
 .text.USBD_StdDevReq
                0x00000000080034d4       0x68 build/usbd_ctlreq.o
                0x00000000080034d4                USBD_StdDevReq
 .text.USBD_StdItfReq
                0x000000000800353c       0x60 build/usbd_ctlreq.o
                0x000000000800353c                USBD_StdItfReq
 .text.USBD_StdEPReq
                0x000000000800359c      0x1e2 build/usbd_ctlreq.o
                0x000000000800359c                USBD_StdEPReq
 .text.USBD_GetString
                0x000000000800377e       0x38 build/usbd_ctlreq.o
                0x000000000800377e                USBD_GetString
 .text.USBD_CtlSendData
                0x00000000080037b6       0x1a build/usbd_ioreq.o
                0x00000000080037b6                USBD_CtlSendData
 .text.USBD_CtlContinueSendData
                0x00000000080037d0       0x10 build/usbd_ioreq.o
                0x00000000080037d0                USBD_CtlContinueSendData
 .text.USBD_CtlPrepareRx
                0x00000000080037e0       0x1e build/usbd_ioreq.o
                0x00000000080037e0                USBD_CtlPrepareRx
 .text.USBD_CtlContinueRx
                0x00000000080037fe       0x10 build/usbd_ioreq.o
                0x00000000080037fe                USBD_CtlContinueRx
 .text.USBD_CtlSendStatus
                0x000000000800380e       0x16 build/usbd_ioreq.o
                0x000000000800380e                USBD_CtlSendStatus
 .text.USBD_CtlReceiveStatus
                0x0000000008003824       0x16 build/usbd_ioreq.o
                0x0000000008003824                USBD_CtlReceiveStatus
 .text.USBD_CDC_EP0_RxReady
                0x000000000800383a       0x28 build/usbd_cdc.o
 *fill*         0x0000000008003862        0x2 
 .text.USBD_CDC_GetFSCfgDesc
                0x0000000008003864        0xc build/usbd_cdc.o
 .text.USBD_CDC_GetHSCfgDesc
                0x0000000008003870        0xc build/usbd_cdc.o
 .text.USBD_CDC_GetOtherSpeedCfgDesc
                0x000000000800387c        0xc build/usbd_cdc.o
 .text.USBD_CDC_GetDeviceQualifierDescriptor
                0x0000000008003888        0xc build/usbd_cdc.o
                0x0000000008003888                USBD_CDC_GetDeviceQualifierDescriptor
 .text.USBD_CDC_DataOut
                0x0000000008003894       0x2e build/usbd_cdc.o
 .text.USBD_CDC_DataIn
                0x00000000080038c2       0x4e build/usbd_cdc.o
 .text.USBD_CDC_Setup
                0x0000000008003910       0xd6 build/usbd_cdc.o
 .text.USBD_CDC_DeInit
                0x00000000080039e6       0x42 build/usbd_cdc.o
 .text.USBD_CDC_Init
                0x0000000008003a28       0xaa build/usbd_cdc.o
 .text.USBD_CDC_RegisterInterface
                0x0000000008003ad2        0xe build/usbd_cdc.o
                0x0000000008003ad2                USBD_CDC_RegisterInterface
 .text.USBD_CDC_SetTxBuffer
                0x0000000008003ae0       0x10 build/usbd_cdc.o
                0x0000000008003ae0                USBD_CDC_SetTxBuffer
 .text.USBD_CDC_SetRxBuffer
                0x0000000008003af0        0xc build/usbd_cdc.o
                0x0000000008003af0                USBD_CDC_SetRxBuffer
 .text.USBD_CDC_TransmitPacket
                0x0000000008003afc       0x34 build/usbd_cdc.o
                0x0000000008003afc                USBD_CDC_TransmitPacket
 .text.USBD_CDC_ReceivePacket
                0x0000000008003b30       0x30 build/usbd_cdc.o
                0x0000000008003b30                USBD_CDC_ReceivePacket
 .text.Reset_Handler
                0x0000000008003b60       0x48 build/startup_stm32f103xb.o
                0x0000000008003b60                Reset_Handler
 .text.Default_Handler
                0x0000000008003ba8        0x2 build/startup_stm32f103xb.o
                0x0000000008003ba8                USBWakeUp_IRQHandler
                0x0000000008003ba8                EXTI2_IRQHandler
                0x0000000008003ba8                TIM1_CC_IRQHandler
                0x0000000008003ba8                PVD_IRQHandler
                0x0000000008003ba8                EXTI3_IRQHandler
                0x0000000008003ba8                EXTI0_IRQHandler
                0x0000000008003ba8                I2C2_EV_IRQHandler
                0x0000000008003ba8                ADC1_2_IRQHandler
                0x0000000008003ba8                SPI1_IRQHandler
                0x0000000008003ba8                TAMPER_IRQHandler
                0x0000000008003ba8                DMA1_Channel4_IRQHandler
                0x0000000008003ba8                USART3_IRQHandler
                0x0000000008003ba8                RTC_IRQHandler
                0x0000000008003ba8                DMA1_Channel7_IRQHandler
                0x0000000008003ba8                CAN1_RX1_IRQHandler
                0x0000000008003ba8                TIM4_IRQHandler
                0x0000000008003ba8                I2C1_EV_IRQHandler
                0x0000000008003ba8                DMA1_Channel6_IRQHandler
                0x0000000008003ba8                TIM3_IRQHandler
                0x0000000008003ba8                RCC_IRQHandler
                0x0000000008003ba8                TIM1_TRG_COM_IRQHandler
                0x0000000008003ba8                DMA1_Channel1_IRQHandler
                0x0000000008003ba8                Default_Handler
                0x0000000008003ba8                EXTI15_10_IRQHandler
                0x0000000008003ba8                EXTI9_5_IRQHandler
                0x0000000008003ba8                SPI2_IRQHandler
                0x0000000008003ba8                DMA1_Channel5_IRQHandler
                0x0000000008003ba8                EXTI4_IRQHandler
                0x0000000008003ba8                USB_HP_CAN1_TX_IRQHandler
                0x0000000008003ba8                DMA1_Channel3_IRQHandler
                0x0000000008003ba8                TIM1_UP_IRQHandler
                0x0000000008003ba8                WWDG_IRQHandler
                0x0000000008003ba8                TIM2_IRQHandler
                0x0000000008003ba8                TIM1_BRK_IRQHandler
                0x0000000008003ba8                EXTI1_IRQHandler
                0x0000000008003ba8                USART2_IRQHandler
                0x0000000008003ba8                I2C2_ER_IRQHandler
                0x0000000008003ba8                DMA1_Channel2_IRQHandler
                0x0000000008003ba8                CAN1_SCE_IRQHandler
                0x0000000008003ba8                FLASH_IRQHandler
                0x0000000008003ba8                USART1_IRQHandler
                0x0000000008003ba8                I2C1_ER_IRQHandler
                0x0000000008003ba8                RTC_Alarm_IRQHandler
 *fill*         0x0000000008003baa        0x2 
 .text.__libc_init_array
                0x0000000008003bac       0x48 /usr/local/Cellar/arm-none-eabi-gcc/9-2019-q4-major/gcc/bin/../lib/gcc/arm-none-eabi/9.2.1/../../../../arm-none-eabi/lib/thumb/v7-m/nofp/libc_nano.a(lib_a-init.o)
                0x0000000008003bac                __libc_init_array
 *(.glue_7)
 .glue_7        0x0000000008003bf4        0x0 linker stubs
 *(.glue_7t)
 .glue_7t       0x0000000008003bf4        0x0 linker stubs
 *(.eh_frame)
 .eh_frame      0x0000000008003bf4        0x0 /usr/local/Cellar/arm-none-eabi-gcc/9-2019-q4-major/gcc/bin/../lib/gcc/arm-none-eabi/9.2.1/thumb/v7-m/nofp/crtbegin.o
 *(.init)
 .init          0x0000000008003bf4        0x4 /usr/local/Cellar/arm-none-eabi-gcc/9-2019-q4-major/gcc/bin/../lib/gcc/arm-none-eabi/9.2.1/thumb/v7-m/nofp/crti.o
                0x0000000008003bf4                _init
 .init          0x0000000008003bf8        0x8 /usr/local/Cellar/arm-none-eabi-gcc/9-2019-q4-major/gcc/bin/../lib/gcc/arm-none-eabi/9.2.1/thumb/v7-m/nofp/crtn.o
 *(.fini)
 .fini          0x0000000008003c00        0x4 /usr/local/Cellar/arm-none-eabi-gcc/9-2019-q4-major/gcc/bin/../lib/gcc/arm-none-eabi/9.2.1/thumb/v7-m/nofp/crti.o
                0x0000000008003c00                _fini
 .fini          0x0000000008003c04        0x8 /usr/local/Cellar/arm-none-eabi-gcc/9-2019-q4-major/gcc/bin/../lib/gcc/arm-none-eabi/9.2.1/thumb/v7-m/nofp/crtn.o
                0x0000000008003c0c                . = ALIGN (0x4)
                0x0000000008003c0c                _etext = .

.vfp11_veneer   0x0000000008003c0c        0x0
 .vfp11_veneer  0x0000000008003c0c        0x0 linker stubs

.v4_bx          0x0000000008003c0c        0x0
 .v4_bx         0x0000000008003c0c        0x0 linker stubs

.iplt           0x0000000008003c0c        0x0
 .iplt          0x0000000008003c0c        0x0 /usr/local/Cellar/arm-none-eabi-gcc/9-2019-q4-major/gcc/bin/../lib/gcc/arm-none-eabi/9.2.1/thumb/v7-m/nofp/crtbegin.o

.rodata         0x0000000008003c0c       0x8c
                0x0000000008003c0c                . = ALIGN (0x4)
 *(.rodata)
 *(.rodata*)
 .rodata.USBD_FS_ProductStrDescriptor.str1.4
                0x0000000008003c0c       0x16 build/usbd_desc.o
 *fill*         0x0000000008003c22        0x2 
 .rodata.USBD_FS_ManufacturerStrDescriptor.str1.4
                0x0000000008003c24       0x13 build/usbd_desc.o
 *fill*         0x0000000008003c37        0x1 
 .rodata.USBD_FS_ConfigStrDescriptor.str1.4
                0x0000000008003c38        0xb build/usbd_desc.o
 *fill*         0x0000000008003c43        0x1 
 .rodata.USBD_FS_InterfaceStrDescriptor.str1.4
                0x0000000008003c44        0xe build/usbd_desc.o
 *fill*         0x0000000008003c52        0x2 
 .rodata.CDC_Receive_FS.str1.4
                0x0000000008003c54       0x20 build/usbd_cdc_if.o
 .rodata.HAL_RCC_GetSysClockFreq.str1.4
                0x0000000008003c74       0x11 build/stm32f1xx_hal_rcc.o
 *fill*         0x0000000008003c85        0x3 
 .rodata.AHBPrescTable
                0x0000000008003c88       0x10 build/system_stm32f1xx.o
                0x0000000008003c88                AHBPrescTable
                0x0000000008003c98                . = ALIGN (0x4)

.rel.dyn        0x0000000008003c98        0x0
 .rel.iplt      0x0000000008003c98        0x0 /usr/local/Cellar/arm-none-eabi-gcc/9-2019-q4-major/gcc/bin/../lib/gcc/arm-none-eabi/9.2.1/thumb/v7-m/nofp/crtbegin.o

.ARM.extab
 *(.ARM.extab* .gnu.linkonce.armextab.*)

.ARM            0x0000000008003c98        0x0
                0x0000000008003c98                __exidx_start = .
 *(.ARM.exidx*)
                0x0000000008003c98                __exidx_end = .

.preinit_array  0x0000000008003c98        0x0
                0x0000000008003c98                PROVIDE (__preinit_array_start = .)
 *(.preinit_array*)
                0x0000000008003c98                PROVIDE (__preinit_array_end = .)

.init_array     0x0000000008003c98        0x4
                0x0000000008003c98                PROVIDE (__init_array_start = .)
 *(SORT_BY_NAME(.init_array.*))
 *(.init_array*)
 .init_array    0x0000000008003c98        0x4 /usr/local/Cellar/arm-none-eabi-gcc/9-2019-q4-major/gcc/bin/../lib/gcc/arm-none-eabi/9.2.1/thumb/v7-m/nofp/crtbegin.o
                0x0000000008003c9c                PROVIDE (__init_array_end = .)

.fini_array     0x0000000008003c9c        0x4
                [!provide]                        PROVIDE (__fini_array_start = .)
 *(SORT_BY_NAME(.fini_array.*))
 *(.fini_array*)
 .fini_array    0x0000000008003c9c        0x4 /usr/local/Cellar/arm-none-eabi-gcc/9-2019-q4-major/gcc/bin/../lib/gcc/arm-none-eabi/9.2.1/thumb/v7-m/nofp/crtbegin.o
                [!provide]                        PROVIDE (__fini_array_end = .)
                0x0000000008003ca0                _sidata = LOADADDR (.data)

.data           0x0000000020000000      0x17c load address 0x0000000008003ca0
                0x0000000020000000                . = ALIGN (0x4)
                0x0000000020000000                _sdata = .
 *(.data)
 *(.data*)
 .data.FS_Desc  0x0000000020000000       0x1c build/usbd_desc.o
                0x0000000020000000                FS_Desc
 .data.USBD_FS_DeviceDesc
                0x000000002000001c       0x12 build/usbd_desc.o
                0x000000002000001c                USBD_FS_DeviceDesc
 *fill*         0x000000002000002e        0x2 
 .data.USBD_LangIDDesc
                0x0000000020000030        0x4 build/usbd_desc.o
                0x0000000020000030                USBD_LangIDDesc
 .data.USBD_StringSerial
                0x0000000020000034       0x1a build/usbd_desc.o
                0x0000000020000034                USBD_StringSerial
 *fill*         0x000000002000004e        0x2 
 .data.USBD_Interface_fops_FS
                0x0000000020000050       0x10 build/usbd_cdc_if.o
                0x0000000020000050                USBD_Interface_fops_FS
 .data.uwTickFreq
                0x0000000020000060        0x1 build/stm32f1xx_hal.o
                0x0000000020000060                uwTickFreq
 *fill*         0x0000000020000061        0x3 
 .data.uwTickPrio
                0x0000000020000064        0x4 build/stm32f1xx_hal.o
                0x0000000020000064                uwTickPrio
 .data.SystemCoreClock
                0x0000000020000068        0x4 build/system_stm32f1xx.o
                0x0000000020000068                SystemCoreClock
 .data.USBD_CDC
                0x000000002000006c       0x38 build/usbd_cdc.o
                0x000000002000006c                USBD_CDC
 .data.USBD_CDC_CfgFSDesc
                0x00000000200000a4       0x43 build/usbd_cdc.o
                0x00000000200000a4                USBD_CDC_CfgFSDesc
 *fill*         0x00000000200000e7        0x1 
 .data.USBD_CDC_CfgHSDesc
                0x00000000200000e8       0x43 build/usbd_cdc.o
                0x00000000200000e8                USBD_CDC_CfgHSDesc
 *fill*         0x000000002000012b        0x1 
 .data.USBD_CDC_DeviceQualifierDesc
                0x000000002000012c        0xa build/usbd_cdc.o
 *fill*         0x0000000020000136        0x2 
 .data.USBD_CDC_OtherSpeedCfgDesc
                0x0000000020000138       0x43 build/usbd_cdc.o
                0x0000000020000138                USBD_CDC_OtherSpeedCfgDesc
                0x000000002000017c                . = ALIGN (0x4)
 *fill*         0x000000002000017b        0x1 
                0x000000002000017c                _edata = .

.igot.plt       0x000000002000017c        0x0 load address 0x0000000008003e1c
 .igot.plt      0x000000002000017c        0x0 /usr/local/Cellar/arm-none-eabi-gcc/9-2019-q4-major/gcc/bin/../lib/gcc/arm-none-eabi/9.2.1/thumb/v7-m/nofp/crtbegin.o
                0x000000002000017c                . = ALIGN (0x4)

.bss            0x000000002000017c     0x11c4 load address 0x0000000008003e1c
                0x000000002000017c                _sbss = .
                0x000000002000017c                __bss_start__ = _sbss
 *(.bss)
 .bss           0x000000002000017c       0x1c /usr/local/Cellar/arm-none-eabi-gcc/9-2019-q4-major/gcc/bin/../lib/gcc/arm-none-eabi/9.2.1/thumb/v7-m/nofp/crtbegin.o
 *(.bss*)
 .bss.mem.7755  0x0000000020000198      0x220 build/usbd_conf.o
 .bss.cfgidx.7685
                0x00000000200003b8        0x1 build/usbd_ctlreq.o
 *(COMMON)
 *fill*         0x00000000200003b9        0x3 
 COMMON         0x00000000200003bc      0x2c4 build/usb_device.o
                0x00000000200003bc                hUsbDeviceFS
 COMMON         0x0000000020000680      0x200 build/usbd_desc.o
                0x0000000020000680                USBD_StrDesc
 COMMON         0x0000000020000880      0x7d0 build/usbd_cdc_if.o
                0x0000000020000880                UserRxBufferFS
                0x0000000020000c68                UserTxBufferFS
 COMMON         0x0000000020001050      0x2ec build/usbd_conf.o
                0x0000000020001050                hpcd_USB_FS
 COMMON         0x000000002000133c        0x4 build/stm32f1xx_hal.o
                0x000000002000133c                uwTick
                0x0000000020001340                . = ALIGN (0x4)
                0x0000000020001340                _ebss = .
                0x0000000020001340                __bss_end__ = _ebss

._user_heap_stack
                0x0000000020001340      0x600 load address 0x0000000008003e1c
                0x0000000020001340                . = ALIGN (0x8)
                [!provide]                        PROVIDE (end = .)
                [!provide]                        PROVIDE (_end = .)
                0x0000000020001540                . = (. + _Min_Heap_Size)
 *fill*         0x0000000020001340      0x200 
                0x0000000020001940                . = (. + _Min_Stack_Size)
 *fill*         0x0000000020001540      0x400 
                0x0000000020001940                . = ALIGN (0x8)

/DISCARD/
 libc.a(*)
 libm.a(*)
 libgcc.a(*)

.ARM.attributes
                0x0000000000000000       0x29
 *(.ARM.attributes)
 .ARM.attributes
                0x0000000000000000       0x1d /usr/local/Cellar/arm-none-eabi-gcc/9-2019-q4-major/gcc/bin/../lib/gcc/arm-none-eabi/9.2.1/thumb/v7-m/nofp/crti.o
 .ARM.attributes
                0x000000000000001d       0x2d /usr/local/Cellar/arm-none-eabi-gcc/9-2019-q4-major/gcc/bin/../lib/gcc/arm-none-eabi/9.2.1/thumb/v7-m/nofp/crtbegin.o
 .ARM.attributes
                0x000000000000004a       0x2d build/main.o
 .ARM.attributes
                0x0000000000000077       0x2d build/stm32f1xx_it.o
 .ARM.attributes
                0x00000000000000a4       0x2d build/stm32f1xx_hal_msp.o
 .ARM.attributes
                0x00000000000000d1       0x2d build/usb_device.o
 .ARM.attributes
                0x00000000000000fe       0x2d build/usbd_desc.o
 .ARM.attributes
                0x000000000000012b       0x2d build/usbd_cdc_if.o
 .ARM.attributes
                0x0000000000000158       0x2d build/usbd_conf.o
 .ARM.attributes
                0x0000000000000185       0x2d build/stm32f1xx_hal_pcd.o
 .ARM.attributes
                0x00000000000001b2       0x2d build/stm32f1xx_hal_pcd_ex.o
 .ARM.attributes
                0x00000000000001df       0x2d build/stm32f1xx_ll_usb.o
 .ARM.attributes
                0x000000000000020c       0x2d build/stm32f1xx_hal.o
 .ARM.attributes
                0x0000000000000239       0x2d build/stm32f1xx_hal_rcc.o
 .ARM.attributes
                0x0000000000000266       0x2d build/stm32f1xx_hal_rcc_ex.o
 .ARM.attributes
                0x0000000000000293       0x2d build/stm32f1xx_hal_gpio.o
 .ARM.attributes
                0x00000000000002c0       0x2d build/stm32f1xx_hal_cortex.o
 .ARM.attributes
                0x00000000000002ed       0x2d build/system_stm32f1xx.o
 .ARM.attributes
                0x000000000000031a       0x2d build/usbd_core.o
 .ARM.attributes
                0x0000000000000347       0x2d build/usbd_ctlreq.o
 .ARM.attributes
                0x0000000000000374       0x2d build/usbd_ioreq.o
 .ARM.attributes
                0x00000000000003a1       0x2d build/usbd_cdc.o
 .ARM.attributes
                0x00000000000003ce       0x21 build/startup_stm32f103xb.o
 .ARM.attributes
                0x00000000000003ef       0x2d /usr/local/Cellar/arm-none-eabi-gcc/9-2019-q4-major/gcc/bin/../lib/gcc/arm-none-eabi/9.2.1/../../../../arm-none-eabi/lib/thumb/v7-m/nofp/libc_nano.a(lib_a-init.o)
 .ARM.attributes
                0x000000000000041c       0x17 /usr/local/Cellar/arm-none-eabi-gcc/9-2019-q4-major/gcc/bin/../lib/gcc/arm-none-eabi/9.2.1/../../../../arm-none-eabi/lib/thumb/v7-m/nofp/libc_nano.a(lib_a-strlen.o)
 .ARM.attributes
                0x0000000000000433       0x1d /usr/local/Cellar/arm-none-eabi-gcc/9-2019-q4-major/gcc/bin/../lib/gcc/arm-none-eabi/9.2.1/thumb/v7-m/nofp/crtn.o
OUTPUT(build/test_USB.elf elf32-littlearm)

.debug_info     0x0000000000000000    0x15712
 .debug_info    0x0000000000000000     0x10d9 build/main.o
 .debug_info    0x00000000000010d9      0x801 build/stm32f1xx_it.o
 .debug_info    0x00000000000018da      0x332 build/stm32f1xx_hal_msp.o
 .debug_info    0x0000000000001c0c     0x11af build/usb_device.o
 .debug_info    0x0000000000002dbb     0x109f build/usbd_desc.o
 .debug_info    0x0000000000003e5a     0x1551 build/usbd_cdc_if.o
 .debug_info    0x00000000000053ab     0x27f5 build/usbd_conf.o
 .debug_info    0x0000000000007ba0     0x1b52 build/stm32f1xx_hal_pcd.o
 .debug_info    0x00000000000096f2      0x8a7 build/stm32f1xx_hal_pcd_ex.o
 .debug_info    0x0000000000009f99     0x1d41 build/stm32f1xx_ll_usb.o
 .debug_info    0x000000000000bcda      0x8e4 build/stm32f1xx_hal.o
 .debug_info    0x000000000000c5be      0xb67 build/stm32f1xx_hal_rcc.o
 .debug_info    0x000000000000d125      0x541 build/stm32f1xx_hal_rcc_ex.o
 .debug_info    0x000000000000d666      0x7d1 build/stm32f1xx_hal_gpio.o
 .debug_info    0x000000000000de37      0xef7 build/stm32f1xx_hal_cortex.o
 .debug_info    0x000000000000ed2e      0x2f7 build/system_stm32f1xx.o
 .debug_info    0x000000000000f025     0x18cd build/usbd_core.o
 .debug_info    0x00000000000108f2     0x1ba3 build/usbd_ctlreq.o
 .debug_info    0x0000000000012495     0x12f1 build/usbd_ioreq.o
 .debug_info    0x0000000000013786     0x1f6a build/usbd_cdc.o
 .debug_info    0x00000000000156f0       0x22 build/startup_stm32f103xb.o

.debug_abbrev   0x0000000000000000     0x3355
 .debug_abbrev  0x0000000000000000      0x2d3 build/main.o
 .debug_abbrev  0x00000000000002d3      0x182 build/stm32f1xx_it.o
 .debug_abbrev  0x0000000000000455      0x130 build/stm32f1xx_hal_msp.o
 .debug_abbrev  0x0000000000000585      0x228 build/usb_device.o
 .debug_abbrev  0x00000000000007ad      0x320 build/usbd_desc.o
 .debug_abbrev  0x0000000000000acd      0x339 build/usbd_cdc_if.o
 .debug_abbrev  0x0000000000000e06      0x393 build/usbd_conf.o
 .debug_abbrev  0x0000000000001199      0x30e build/stm32f1xx_hal_pcd.o
 .debug_abbrev  0x00000000000014a7      0x1b1 build/stm32f1xx_hal_pcd_ex.o
 .debug_abbrev  0x0000000000001658      0x288 build/stm32f1xx_ll_usb.o
 .debug_abbrev  0x00000000000018e0      0x21c build/stm32f1xx_hal.o
 .debug_abbrev  0x0000000000001afc      0x2ad build/stm32f1xx_hal_rcc.o
 .debug_abbrev  0x0000000000001da9      0x1fb build/stm32f1xx_hal_rcc_ex.o
 .debug_abbrev  0x0000000000001fa4      0x24f build/stm32f1xx_hal_gpio.o
 .debug_abbrev  0x00000000000021f3      0x37f build/stm32f1xx_hal_cortex.o
 .debug_abbrev  0x0000000000002572      0x153 build/system_stm32f1xx.o
 .debug_abbrev  0x00000000000026c5      0x334 build/usbd_core.o
 .debug_abbrev  0x00000000000029f9      0x387 build/usbd_ctlreq.o
 .debug_abbrev  0x0000000000002d80      0x229 build/usbd_ioreq.o
 .debug_abbrev  0x0000000000002fa9      0x39a build/usbd_cdc.o
 .debug_abbrev  0x0000000000003343       0x12 build/startup_stm32f103xb.o

.debug_loc      0x0000000000000000     0x91db
 .debug_loc     0x0000000000000000       0x9e build/main.o
 .debug_loc     0x000000000000009e       0x40 build/stm32f1xx_it.o
 .debug_loc     0x00000000000000de       0x41 build/stm32f1xx_hal_msp.o
 .debug_loc     0x000000000000011f       0x20 build/usb_device.o
 .debug_loc     0x000000000000013f      0x47b build/usbd_desc.o
 .debug_loc     0x00000000000005ba      0x219 build/usbd_cdc_if.o
 .debug_loc     0x00000000000007d3      0xead build/usbd_conf.o
 .debug_loc     0x0000000000001680     0x158d build/stm32f1xx_hal_pcd.o
 .debug_loc     0x0000000000002c0d      0x11a build/stm32f1xx_hal_pcd_ex.o
 .debug_loc     0x0000000000002d27     0x1a79 build/stm32f1xx_ll_usb.o
 .debug_loc     0x00000000000047a0      0x1e1 build/stm32f1xx_hal.o
 .debug_loc     0x0000000000004981      0x7c0 build/stm32f1xx_hal_rcc.o
 .debug_loc     0x0000000000005141      0x40a build/stm32f1xx_hal_rcc_ex.o
 .debug_loc     0x000000000000554b      0x548 build/stm32f1xx_hal_gpio.o
 .debug_loc     0x0000000000005a93      0x7af build/stm32f1xx_hal_cortex.o
 .debug_loc     0x0000000000006242       0xff build/system_stm32f1xx.o
 .debug_loc     0x0000000000006341      0xaf6 build/usbd_core.o
 .debug_loc     0x0000000000006e37     0x1631 build/usbd_ctlreq.o
 .debug_loc     0x0000000000008468      0x364 build/usbd_ioreq.o
 .debug_loc     0x00000000000087cc      0xa0f build/usbd_cdc.o

.debug_aranges  0x0000000000000000      0x9f0
 .debug_aranges
                0x0000000000000000       0x38 build/main.o
 .debug_aranges
                0x0000000000000038       0x68 build/stm32f1xx_it.o
 .debug_aranges
                0x00000000000000a0       0x20 build/stm32f1xx_hal_msp.o
 .debug_aranges
                0x00000000000000c0       0x20 build/usb_device.o
 .debug_aranges
                0x00000000000000e0       0x60 build/usbd_desc.o
 .debug_aranges
                0x0000000000000140       0x40 build/usbd_cdc_if.o
 .debug_aranges
                0x0000000000000180      0x118 build/usbd_conf.o
 .debug_aranges
                0x0000000000000298      0x138 build/stm32f1xx_hal_pcd.o
 .debug_aranges
                0x00000000000003d0       0x38 build/stm32f1xx_hal_pcd_ex.o
 .debug_aranges
                0x0000000000000408       0xf0 build/stm32f1xx_ll_usb.o
 .debug_aranges
                0x00000000000004f8       0xe0 build/stm32f1xx_hal.o
 .debug_aranges
                0x00000000000005d8       0x90 build/stm32f1xx_hal_rcc.o
 .debug_aranges
                0x0000000000000668       0x30 build/stm32f1xx_hal_rcc_ex.o
 .debug_aranges
                0x0000000000000698       0x58 build/stm32f1xx_hal_gpio.o
 .debug_aranges
                0x00000000000006f0       0x90 build/stm32f1xx_hal_cortex.o
 .debug_aranges
                0x0000000000000780       0x28 build/system_stm32f1xx.o
 .debug_aranges
                0x00000000000007a8       0xb8 build/usbd_core.o
 .debug_aranges
                0x0000000000000860       0x88 build/usbd_ctlreq.o
 .debug_aranges
                0x00000000000008e8       0x50 build/usbd_ioreq.o
 .debug_aranges
                0x0000000000000938       0x90 build/usbd_cdc.o
 .debug_aranges
                0x00000000000009c8       0x28 build/startup_stm32f103xb.o

.debug_ranges   0x0000000000000000      0xc28
 .debug_ranges  0x0000000000000000       0x28 build/main.o
 .debug_ranges  0x0000000000000028       0x58 build/stm32f1xx_it.o
 .debug_ranges  0x0000000000000080       0x10 build/stm32f1xx_hal_msp.o
 .debug_ranges  0x0000000000000090       0x10 build/usb_device.o
 .debug_ranges  0x00000000000000a0       0x50 build/usbd_desc.o
 .debug_ranges  0x00000000000000f0       0x30 build/usbd_cdc_if.o
 .debug_ranges  0x0000000000000120      0x108 build/usbd_conf.o
 .debug_ranges  0x0000000000000228      0x1d8 build/stm32f1xx_hal_pcd.o
 .debug_ranges  0x0000000000000400       0x28 build/stm32f1xx_hal_pcd_ex.o
 .debug_ranges  0x0000000000000428      0x318 build/stm32f1xx_ll_usb.o
 .debug_ranges  0x0000000000000740       0xd0 build/stm32f1xx_hal.o
 .debug_ranges  0x0000000000000810       0xa0 build/stm32f1xx_hal_rcc.o
 .debug_ranges  0x00000000000008b0       0x38 build/stm32f1xx_hal_rcc_ex.o
 .debug_ranges  0x00000000000008e8       0x48 build/stm32f1xx_hal_gpio.o
 .debug_ranges  0x0000000000000930       0xe0 build/stm32f1xx_hal_cortex.o
 .debug_ranges  0x0000000000000a10       0x18 build/system_stm32f1xx.o
 .debug_ranges  0x0000000000000a28       0xa8 build/usbd_core.o
 .debug_ranges  0x0000000000000ad0       0x78 build/usbd_ctlreq.o
 .debug_ranges  0x0000000000000b48       0x40 build/usbd_ioreq.o
 .debug_ranges  0x0000000000000b88       0x80 build/usbd_cdc.o
 .debug_ranges  0x0000000000000c08       0x20 build/startup_stm32f103xb.o

.debug_line     0x0000000000000000     0x9944
 .debug_line    0x0000000000000000      0x48d build/main.o
 .debug_line    0x000000000000048d      0x312 build/stm32f1xx_it.o
 .debug_line    0x000000000000079f      0x1d9 build/stm32f1xx_hal_msp.o
 .debug_line    0x0000000000000978      0x392 build/usb_device.o
 .debug_line    0x0000000000000d0a      0x4e2 build/usbd_desc.o
 .debug_line    0x00000000000011ec      0x440 build/usbd_cdc_if.o
 .debug_line    0x000000000000162c      0x8e0 build/usbd_conf.o
 .debug_line    0x0000000000001f0c     0x16ce build/stm32f1xx_hal_pcd.o
 .debug_line    0x00000000000035da      0x2ce build/stm32f1xx_hal_pcd_ex.o
 .debug_line    0x00000000000038a8     0x1903 build/stm32f1xx_ll_usb.o
 .debug_line    0x00000000000051ab      0x51c build/stm32f1xx_hal.o
 .debug_line    0x00000000000056c7      0xc39 build/stm32f1xx_hal_rcc.o
 .debug_line    0x0000000000006300      0x4c6 build/stm32f1xx_hal_rcc_ex.o
 .debug_line    0x00000000000067c6      0x61e build/stm32f1xx_hal_gpio.o
 .debug_line    0x0000000000006de4      0x672 build/stm32f1xx_hal_cortex.o
 .debug_line    0x0000000000007456      0x28c build/system_stm32f1xx.o
 .debug_line    0x00000000000076e2      0x896 build/usbd_core.o
 .debug_line    0x0000000000007f78      0xc74 build/usbd_ctlreq.o
 .debug_line    0x0000000000008bec      0x40d build/usbd_ioreq.o
 .debug_line    0x0000000000008ff9      0x8d9 build/usbd_cdc.o
 .debug_line    0x00000000000098d2       0x72 build/startup_stm32f103xb.o

.debug_str      0x0000000000000000     0x2fb3
 .debug_str     0x0000000000000000      0x90a build/main.o
                                        0x98f (size before relaxing)
 .debug_str     0x000000000000090a      0x41d build/stm32f1xx_it.o
                                        0x6be (size before relaxing)
 .debug_str     0x0000000000000d27       0x4d build/stm32f1xx_hal_msp.o
                                        0x30e (size before relaxing)
 .debug_str     0x0000000000000d74      0x3d4 build/usb_device.o
                                        0xb09 (size before relaxing)
 .debug_str     0x0000000000001148      0x181 build/usbd_desc.o
                                        0x914 (size before relaxing)
 .debug_str     0x00000000000012c9      0x135 build/usbd_cdc_if.o
                                        0xc09 (size before relaxing)
 .debug_str     0x00000000000013fe      0x881 build/usbd_conf.o
                                       0x1668 (size before relaxing)
 .debug_str     0x0000000000001c7f      0x318 build/stm32f1xx_hal_pcd.o
                                        0xbab (size before relaxing)
 .debug_str     0x0000000000001f97      0x159 build/stm32f1xx_hal_pcd_ex.o
                                        0x7a5 (size before relaxing)
 .debug_str     0x00000000000020f0      0x13b build/stm32f1xx_ll_usb.o
                                        0x7d8 (size before relaxing)
 .debug_str     0x000000000000222b      0x26e build/stm32f1xx_hal.o
                                        0x882 (size before relaxing)
 .debug_str     0x0000000000002499      0x1e2 build/stm32f1xx_hal_rcc.o
                                        0x6d1 (size before relaxing)
 .debug_str     0x000000000000267b       0x9c build/stm32f1xx_hal_rcc_ex.o
                                        0x4b0 (size before relaxing)
 .debug_str     0x0000000000002717      0x105 build/stm32f1xx_hal_gpio.o
                                        0x4ef (size before relaxing)
 .debug_str     0x000000000000281c      0x315 build/stm32f1xx_hal_cortex.o
                                        0x99e (size before relaxing)
 .debug_str     0x0000000000002b31       0x4f build/system_stm32f1xx.o
                                        0x305 (size before relaxing)
 .debug_str     0x0000000000002b80      0x13e build/usbd_core.o
                                        0xcf4 (size before relaxing)
 .debug_str     0x0000000000002cbe       0xe2 build/usbd_ctlreq.o
                                        0xc0e (size before relaxing)
 .debug_str     0x0000000000002da0       0x60 build/usbd_ioreq.o
                                        0xb3b (size before relaxing)
 .debug_str     0x0000000000002e00      0x18f build/usbd_cdc.o
                                       0x10c9 (size before relaxing)
 .debug_str     0x0000000000002f8f       0x24 build/startup_stm32f103xb.o
                                         0x62 (size before relaxing)

.comment        0x0000000000000000       0x79
 .comment       0x0000000000000000       0x79 build/main.o
                                         0x7a (size before relaxing)
 .comment       0x0000000000000079       0x7a build/stm32f1xx_it.o
 .comment       0x0000000000000079       0x7a build/stm32f1xx_hal_msp.o
 .comment       0x0000000000000079       0x7a build/usb_device.o
 .comment       0x0000000000000079       0x7a build/usbd_desc.o
 .comment       0x0000000000000079       0x7a build/usbd_cdc_if.o
 .comment       0x0000000000000079       0x7a build/usbd_conf.o
 .comment       0x0000000000000079       0x7a build/stm32f1xx_hal_pcd.o
 .comment       0x0000000000000079       0x7a build/stm32f1xx_hal_pcd_ex.o
 .comment       0x0000000000000079       0x7a build/stm32f1xx_ll_usb.o
 .comment       0x0000000000000079       0x7a build/stm32f1xx_hal.o
 .comment       0x0000000000000079       0x7a build/stm32f1xx_hal_rcc.o
 .comment       0x0000000000000079       0x7a build/stm32f1xx_hal_rcc_ex.o
 .comment       0x0000000000000079       0x7a build/stm32f1xx_hal_gpio.o
 .comment       0x0000000000000079       0x7a build/stm32f1xx_hal_cortex.o
 .comment       0x0000000000000079       0x7a build/system_stm32f1xx.o
 .comment       0x0000000000000079       0x7a build/usbd_core.o
 .comment       0x0000000000000079       0x7a build/usbd_ctlreq.o
 .comment       0x0000000000000079       0x7a build/usbd_ioreq.o
 .comment       0x0000000000000079       0x7a build/usbd_cdc.o

.debug_frame    0x0000000000000000     0x1948
 .debug_frame   0x0000000000000000       0x80 build/main.o
 .debug_frame   0x0000000000000080       0xc8 build/stm32f1xx_it.o
 .debug_frame   0x0000000000000148       0x28 build/stm32f1xx_hal_msp.o
 .debug_frame   0x0000000000000170       0x2c build/usb_device.o
 .debug_frame   0x000000000000019c       0xfc build/usbd_desc.o
 .debug_frame   0x0000000000000298       0x90 build/usbd_cdc_if.o
 .debug_frame   0x0000000000000328      0x354 build/usbd_conf.o
 .debug_frame   0x000000000000067c      0x3a8 build/stm32f1xx_hal_pcd.o
 .debug_frame   0x0000000000000a24       0x50 build/stm32f1xx_hal_pcd_ex.o
 .debug_frame   0x0000000000000a74      0x230 build/stm32f1xx_ll_usb.o
 .debug_frame   0x0000000000000ca4      0x1e0 build/stm32f1xx_hal.o
 .debug_frame   0x0000000000000e84      0x1c0 build/stm32f1xx_hal_rcc.o
 .debug_frame   0x0000000000001044       0x6c build/stm32f1xx_hal_rcc_ex.o
 .debug_frame   0x00000000000010b0      0x104 build/stm32f1xx_hal_gpio.o
 .debug_frame   0x00000000000011b4      0x13c build/stm32f1xx_hal_cortex.o
 .debug_frame   0x00000000000012f0       0x30 build/system_stm32f1xx.o
 .debug_frame   0x0000000000001320      0x1f4 build/usbd_core.o
 .debug_frame   0x0000000000001514      0x1ac build/usbd_ctlreq.o
 .debug_frame   0x00000000000016c0       0xd4 build/usbd_ioreq.o
 .debug_frame   0x0000000000001794      0x188 build/usbd_cdc.o
 .debug_frame   0x000000000000191c       0x2c /usr/local/Cellar/arm-none-eabi-gcc/9-2019-q4-major/gcc/bin/../lib/gcc/arm-none-eabi/9.2.1/../../../../arm-none-eabi/lib/thumb/v7-m/nofp/libc_nano.a(lib_a-init.o)

Cross Reference Table

Symbol                                            File
ADC1_2_IRQHandler                                 build/startup_stm32f103xb.o
AHBPrescTable                                     build/system_stm32f1xx.o
                                                  build/stm32f1xx_hal_rcc.o
APBPrescTable                                     build/system_stm32f1xx.o
                                                  build/stm32f1xx_hal_rcc.o
BusFault_Handler                                  build/stm32f1xx_it.o
CAN1_RX1_IRQHandler                               build/startup_stm32f103xb.o
CAN1_SCE_IRQHandler                               build/startup_stm32f103xb.o
CDC_Transmit_FS                                   build/usbd_cdc_if.o
DMA1_Channel1_IRQHandler                          build/startup_stm32f103xb.o
DMA1_Channel2_IRQHandler                          build/startup_stm32f103xb.o
DMA1_Channel3_IRQHandler                          build/startup_stm32f103xb.o
DMA1_Channel4_IRQHandler                          build/startup_stm32f103xb.o
DMA1_Channel5_IRQHandler                          build/startup_stm32f103xb.o
DMA1_Channel6_IRQHandler                          build/startup_stm32f103xb.o
DMA1_Channel7_IRQHandler                          build/startup_stm32f103xb.o
DebugMon_Handler                                  build/stm32f1xx_it.o
Default_Handler                                   build/startup_stm32f103xb.o
EXTI0_IRQHandler                                  build/startup_stm32f103xb.o
EXTI15_10_IRQHandler                              build/startup_stm32f103xb.o
EXTI1_IRQHandler                                  build/startup_stm32f103xb.o
EXTI2_IRQHandler                                  build/startup_stm32f103xb.o
EXTI3_IRQHandler                                  build/startup_stm32f103xb.o
EXTI4_IRQHandler                                  build/startup_stm32f103xb.o
EXTI9_5_IRQHandler                                build/startup_stm32f103xb.o
Error_Handler                                     build/main.o
                                                  build/usbd_conf.o
                                                  build/usb_device.o
FLASH_IRQHandler                                  build/startup_stm32f103xb.o
FLASH_PageErase                                   build/stm32f1xx_hal_flash_ex.o
                                                  build/stm32f1xx_hal_flash.o
FLASH_WaitForLastOperation                        build/stm32f1xx_hal_flash.o
                                                  build/stm32f1xx_hal_flash_ex.o
FS_Desc                                           build/usbd_desc.o
                                                  build/usb_device.o
HAL_DBGMCU_DisableDBGSleepMode                    build/stm32f1xx_hal.o
HAL_DBGMCU_DisableDBGStandbyMode                  build/stm32f1xx_hal.o
HAL_DBGMCU_DisableDBGStopMode                     build/stm32f1xx_hal.o
HAL_DBGMCU_EnableDBGSleepMode                     build/stm32f1xx_hal.o
HAL_DBGMCU_EnableDBGStandbyMode                   build/stm32f1xx_hal.o
HAL_DBGMCU_EnableDBGStopMode                      build/stm32f1xx_hal.o
HAL_DMA_Abort                                     build/stm32f1xx_hal_dma.o
HAL_DMA_Abort_IT                                  build/stm32f1xx_hal_dma.o
HAL_DMA_DeInit                                    build/stm32f1xx_hal_dma.o
HAL_DMA_GetError                                  build/stm32f1xx_hal_dma.o
HAL_DMA_GetState                                  build/stm32f1xx_hal_dma.o
HAL_DMA_IRQHandler                                build/stm32f1xx_hal_dma.o
HAL_DMA_Init                                      build/stm32f1xx_hal_dma.o
HAL_DMA_PollForTransfer                           build/stm32f1xx_hal_dma.o
HAL_DMA_RegisterCallback                          build/stm32f1xx_hal_dma.o
HAL_DMA_Start                                     build/stm32f1xx_hal_dma.o
HAL_DMA_Start_IT                                  build/stm32f1xx_hal_dma.o
HAL_DMA_UnRegisterCallback                        build/stm32f1xx_hal_dma.o
HAL_DeInit                                        build/stm32f1xx_hal.o
HAL_Delay                                         build/stm32f1xx_hal.o
                                                  build/usbd_conf.o
HAL_EXTI_ClearConfigLine                          build/stm32f1xx_hal_exti.o
HAL_EXTI_ClearPending                             build/stm32f1xx_hal_exti.o
HAL_EXTI_GenerateSWI                              build/stm32f1xx_hal_exti.o
HAL_EXTI_GetConfigLine                            build/stm32f1xx_hal_exti.o
HAL_EXTI_GetHandle                                build/stm32f1xx_hal_exti.o
HAL_EXTI_GetPending                               build/stm32f1xx_hal_exti.o
HAL_EXTI_IRQHandler                               build/stm32f1xx_hal_exti.o
HAL_EXTI_RegisterCallback                         build/stm32f1xx_hal_exti.o
HAL_EXTI_SetConfigLine                            build/stm32f1xx_hal_exti.o
HAL_FLASHEx_Erase                                 build/stm32f1xx_hal_flash_ex.o
HAL_FLASHEx_Erase_IT                              build/stm32f1xx_hal_flash_ex.o
HAL_FLASHEx_OBErase                               build/stm32f1xx_hal_flash_ex.o
HAL_FLASHEx_OBGetConfig                           build/stm32f1xx_hal_flash_ex.o
HAL_FLASHEx_OBGetUserData                         build/stm32f1xx_hal_flash_ex.o
HAL_FLASHEx_OBProgram                             build/stm32f1xx_hal_flash_ex.o
HAL_FLASH_EndOfOperationCallback                  build/stm32f1xx_hal_flash.o
HAL_FLASH_GetError                                build/stm32f1xx_hal_flash.o
HAL_FLASH_IRQHandler                              build/stm32f1xx_hal_flash.o
HAL_FLASH_Lock                                    build/stm32f1xx_hal_flash.o
HAL_FLASH_OB_Launch                               build/stm32f1xx_hal_flash.o
HAL_FLASH_OB_Lock                                 build/stm32f1xx_hal_flash.o
HAL_FLASH_OB_Unlock                               build/stm32f1xx_hal_flash.o
HAL_FLASH_OperationErrorCallback                  build/stm32f1xx_hal_flash.o
HAL_FLASH_Program                                 build/stm32f1xx_hal_flash.o
HAL_FLASH_Program_IT                              build/stm32f1xx_hal_flash.o
HAL_FLASH_Unlock                                  build/stm32f1xx_hal_flash.o
HAL_GPIOEx_ConfigEventout                         build/stm32f1xx_hal_gpio_ex.o
HAL_GPIOEx_DisableEventout                        build/stm32f1xx_hal_gpio_ex.o
HAL_GPIOEx_EnableEventout                         build/stm32f1xx_hal_gpio_ex.o
HAL_GPIO_DeInit                                   build/stm32f1xx_hal_gpio.o
HAL_GPIO_EXTI_Callback                            build/stm32f1xx_hal_gpio.o
HAL_GPIO_EXTI_IRQHandler                          build/stm32f1xx_hal_gpio.o
HAL_GPIO_Init                                     build/stm32f1xx_hal_gpio.o
                                                  build/stm32f1xx_hal_rcc.o
                                                  build/main.o
HAL_GPIO_LockPin                                  build/stm32f1xx_hal_gpio.o
HAL_GPIO_ReadPin                                  build/stm32f1xx_hal_gpio.o
HAL_GPIO_TogglePin                                build/stm32f1xx_hal_gpio.o
HAL_GPIO_WritePin                                 build/stm32f1xx_hal_gpio.o
                                                  build/usbd_cdc_if.o
                                                  build/main.o
HAL_GetDEVID                                      build/stm32f1xx_hal.o
HAL_GetHalVersion                                 build/stm32f1xx_hal.o
HAL_GetREVID                                      build/stm32f1xx_hal.o
HAL_GetTick                                       build/stm32f1xx_hal.o
                                                  build/stm32f1xx_hal_flash.o
                                                  build/stm32f1xx_hal_dma.o
                                                  build/stm32f1xx_hal_rcc_ex.o
                                                  build/stm32f1xx_hal_rcc.o
HAL_GetTickFreq                                   build/stm32f1xx_hal.o
HAL_GetTickPrio                                   build/stm32f1xx_hal.o
HAL_GetUIDw0                                      build/stm32f1xx_hal.o
HAL_GetUIDw1                                      build/stm32f1xx_hal.o
HAL_GetUIDw2                                      build/stm32f1xx_hal.o
HAL_IncTick                                       build/stm32f1xx_hal.o
                                                  build/stm32f1xx_it.o
HAL_Init                                          build/stm32f1xx_hal.o
                                                  build/main.o
HAL_InitTick                                      build/stm32f1xx_hal.o
                                                  build/stm32f1xx_hal_rcc.o
HAL_MspDeInit                                     build/stm32f1xx_hal.o
HAL_MspInit                                       build/stm32f1xx_hal_msp.o
HAL_NVIC_ClearPendingIRQ                          build/stm32f1xx_hal_cortex.o
HAL_NVIC_DisableIRQ                               build/stm32f1xx_hal_cortex.o
                                                  build/usbd_conf.o
HAL_NVIC_EnableIRQ                                build/stm32f1xx_hal_cortex.o
                                                  build/usbd_conf.o
HAL_NVIC_GetActive                                build/stm32f1xx_hal_cortex.o
HAL_NVIC_GetPendingIRQ                            build/stm32f1xx_hal_cortex.o
HAL_NVIC_GetPriority                              build/stm32f1xx_hal_cortex.o
HAL_NVIC_GetPriorityGrouping                      build/stm32f1xx_hal_cortex.o
HAL_NVIC_SetPendingIRQ                            build/stm32f1xx_hal_cortex.o
HAL_NVIC_SetPriority                              build/stm32f1xx_hal_cortex.o
                                                  build/stm32f1xx_hal.o
                                                  build/usbd_conf.o
HAL_NVIC_SetPriorityGrouping                      build/stm32f1xx_hal_cortex.o
                                                  build/stm32f1xx_hal.o
HAL_NVIC_SystemReset                              build/stm32f1xx_hal_cortex.o
                                                  build/stm32f1xx_hal_flash.o
HAL_PCDEx_BCD_Callback                            build/stm32f1xx_hal_pcd_ex.o
HAL_PCDEx_LPM_Callback                            build/stm32f1xx_hal_pcd_ex.o
HAL_PCDEx_PMAConfig                               build/stm32f1xx_hal_pcd_ex.o
                                                  build/usbd_conf.o
HAL_PCDEx_SetConnectionState                      build/usbd_conf.o
                                                  build/stm32f1xx_hal_pcd.o
HAL_PCD_ActivateRemoteWakeup                      build/stm32f1xx_hal_pcd.o
HAL_PCD_ConnectCallback                           build/usbd_conf.o
HAL_PCD_DataInStageCallback                       build/usbd_conf.o
HAL_PCD_DataOutStageCallback                      build/usbd_conf.o
HAL_PCD_DeActivateRemoteWakeup                    build/stm32f1xx_hal_pcd.o
HAL_PCD_DeInit                                    build/stm32f1xx_hal_pcd.o
                                                  build/usbd_conf.o
HAL_PCD_DevConnect                                build/stm32f1xx_hal_pcd.o
HAL_PCD_DevDisconnect                             build/stm32f1xx_hal_pcd.o
HAL_PCD_DisconnectCallback                        build/usbd_conf.o
HAL_PCD_EP_Close                                  build/stm32f1xx_hal_pcd.o
                                                  build/usbd_conf.o
HAL_PCD_EP_ClrStall                               build/stm32f1xx_hal_pcd.o
                                                  build/usbd_conf.o
HAL_PCD_EP_Flush                                  build/stm32f1xx_hal_pcd.o
                                                  build/usbd_conf.o
HAL_PCD_EP_GetRxCount                             build/stm32f1xx_hal_pcd.o
                                                  build/usbd_conf.o
HAL_PCD_EP_Open                                   build/stm32f1xx_hal_pcd.o
                                                  build/usbd_conf.o
HAL_PCD_EP_Receive                                build/stm32f1xx_hal_pcd.o
                                                  build/usbd_conf.o
HAL_PCD_EP_SetStall                               build/stm32f1xx_hal_pcd.o
                                                  build/usbd_conf.o
HAL_PCD_EP_Transmit                               build/stm32f1xx_hal_pcd.o
                                                  build/usbd_conf.o
HAL_PCD_GetState                                  build/stm32f1xx_hal_pcd.o
HAL_PCD_IRQHandler                                build/stm32f1xx_hal_pcd.o
                                                  build/stm32f1xx_it.o
HAL_PCD_ISOINIncompleteCallback                   build/usbd_conf.o
HAL_PCD_ISOOUTIncompleteCallback                  build/usbd_conf.o
HAL_PCD_Init                                      build/stm32f1xx_hal_pcd.o
                                                  build/usbd_conf.o
HAL_PCD_MspDeInit                                 build/usbd_conf.o
HAL_PCD_MspInit                                   build/usbd_conf.o
HAL_PCD_ResetCallback                             build/usbd_conf.o
HAL_PCD_ResumeCallback                            build/usbd_conf.o
HAL_PCD_SOFCallback                               build/usbd_conf.o
HAL_PCD_SetAddress                                build/stm32f1xx_hal_pcd.o
                                                  build/usbd_conf.o
HAL_PCD_SetupStageCallback                        build/usbd_conf.o
HAL_PCD_Start                                     build/stm32f1xx_hal_pcd.o
                                                  build/usbd_conf.o
HAL_PCD_Stop                                      build/stm32f1xx_hal_pcd.o
                                                  build/usbd_conf.o
HAL_PCD_SuspendCallback                           build/usbd_conf.o
HAL_PCD_WKUP_IRQHandler                           build/stm32f1xx_hal_pcd.o
HAL_PWR_ConfigPVD                                 build/stm32f1xx_hal_pwr.o
HAL_PWR_DeInit                                    build/stm32f1xx_hal_pwr.o
HAL_PWR_DisableBkUpAccess                         build/stm32f1xx_hal_pwr.o
HAL_PWR_DisablePVD                                build/stm32f1xx_hal_pwr.o
HAL_PWR_DisableSEVOnPend                          build/stm32f1xx_hal_pwr.o
HAL_PWR_DisableSleepOnExit                        build/stm32f1xx_hal_pwr.o
HAL_PWR_DisableWakeUpPin                          build/stm32f1xx_hal_pwr.o
HAL_PWR_EnableBkUpAccess                          build/stm32f1xx_hal_pwr.o
HAL_PWR_EnablePVD                                 build/stm32f1xx_hal_pwr.o
HAL_PWR_EnableSEVOnPend                           build/stm32f1xx_hal_pwr.o
HAL_PWR_EnableSleepOnExit                         build/stm32f1xx_hal_pwr.o
HAL_PWR_EnableWakeUpPin                           build/stm32f1xx_hal_pwr.o
HAL_PWR_EnterSLEEPMode                            build/stm32f1xx_hal_pwr.o
HAL_PWR_EnterSTANDBYMode                          build/stm32f1xx_hal_pwr.o
HAL_PWR_EnterSTOPMode                             build/stm32f1xx_hal_pwr.o
HAL_PWR_PVDCallback                               build/stm32f1xx_hal_pwr.o
HAL_PWR_PVD_IRQHandler                            build/stm32f1xx_hal_pwr.o
HAL_RCCEx_GetPeriphCLKConfig                      build/stm32f1xx_hal_rcc_ex.o
HAL_RCCEx_GetPeriphCLKFreq                        build/stm32f1xx_hal_rcc_ex.o
HAL_RCCEx_PeriphCLKConfig                         build/stm32f1xx_hal_rcc_ex.o
                                                  build/main.o
HAL_RCC_CSSCallback                               build/stm32f1xx_hal_rcc.o
HAL_RCC_ClockConfig                               build/stm32f1xx_hal_rcc.o
                                                  build/main.o
HAL_RCC_DeInit                                    build/stm32f1xx_hal_rcc.o
HAL_RCC_DisableCSS                                build/stm32f1xx_hal_rcc.o
HAL_RCC_EnableCSS                                 build/stm32f1xx_hal_rcc.o
HAL_RCC_GetClockConfig                            build/stm32f1xx_hal_rcc.o
HAL_RCC_GetHCLKFreq                               build/stm32f1xx_hal_rcc.o
HAL_RCC_GetOscConfig                              build/stm32f1xx_hal_rcc.o
HAL_RCC_GetPCLK1Freq                              build/stm32f1xx_hal_rcc.o
HAL_RCC_GetPCLK2Freq                              build/stm32f1xx_hal_rcc.o
                                                  build/stm32f1xx_hal_rcc_ex.o
HAL_RCC_GetSysClockFreq                           build/stm32f1xx_hal_rcc.o
HAL_RCC_MCOConfig                                 build/stm32f1xx_hal_rcc.o
HAL_RCC_NMI_IRQHandler                            build/stm32f1xx_hal_rcc.o
HAL_RCC_OscConfig                                 build/stm32f1xx_hal_rcc.o
                                                  build/main.o
HAL_ResumeTick                                    build/stm32f1xx_hal.o
HAL_SYSTICK_CLKSourceConfig                       build/stm32f1xx_hal_cortex.o
HAL_SYSTICK_Callback                              build/stm32f1xx_hal_cortex.o
HAL_SYSTICK_Config                                build/stm32f1xx_hal_cortex.o
                                                  build/stm32f1xx_hal.o
HAL_SYSTICK_IRQHandler                            build/stm32f1xx_hal_cortex.o
HAL_SetTickFreq                                   build/stm32f1xx_hal.o
HAL_SuspendTick                                   build/stm32f1xx_hal.o
HardFault_Handler                                 build/stm32f1xx_it.o
I2C1_ER_IRQHandler                                build/startup_stm32f103xb.o
I2C1_EV_IRQHandler                                build/startup_stm32f103xb.o
I2C2_ER_IRQHandler                                build/startup_stm32f103xb.o
I2C2_EV_IRQHandler                                build/startup_stm32f103xb.o
MX_USB_DEVICE_Init                                build/usb_device.o
                                                  build/main.o
MemManage_Handler                                 build/stm32f1xx_it.o
NMI_Handler                                       build/stm32f1xx_it.o
PVD_IRQHandler                                    build/startup_stm32f103xb.o
PendSV_Handler                                    build/stm32f1xx_it.o
RCC_IRQHandler                                    build/startup_stm32f103xb.o
RTC_Alarm_IRQHandler                              build/startup_stm32f103xb.o
RTC_IRQHandler                                    build/startup_stm32f103xb.o
Reset_Handler                                     build/startup_stm32f103xb.o
SPI1_IRQHandler                                   build/startup_stm32f103xb.o
SPI2_IRQHandler                                   build/startup_stm32f103xb.o
SVC_Handler                                       build/stm32f1xx_it.o
SysTick_Handler                                   build/stm32f1xx_it.o
SystemClock_Config                                build/main.o
SystemCoreClock                                   build/system_stm32f1xx.o
                                                  build/stm32f1xx_hal_rcc.o
                                                  build/stm32f1xx_hal.o
SystemCoreClockUpdate                             build/system_stm32f1xx.o
SystemInit                                        build/system_stm32f1xx.o
                                                  build/startup_stm32f103xb.o
TAMPER_IRQHandler                                 build/startup_stm32f103xb.o
TIM1_BRK_IRQHandler                               build/startup_stm32f103xb.o
TIM1_CC_IRQHandler                                build/startup_stm32f103xb.o
TIM1_TRG_COM_IRQHandler                           build/startup_stm32f103xb.o
TIM1_UP_IRQHandler                                build/startup_stm32f103xb.o
TIM2_IRQHandler                                   build/startup_stm32f103xb.o
TIM3_IRQHandler                                   build/startup_stm32f103xb.o
TIM4_IRQHandler                                   build/startup_stm32f103xb.o
USART1_IRQHandler                                 build/startup_stm32f103xb.o
USART2_IRQHandler                                 build/startup_stm32f103xb.o
USART3_IRQHandler                                 build/startup_stm32f103xb.o
USBD_CDC                                          build/usbd_cdc.o
                                                  build/usb_device.o
USBD_CDC_CfgFSDesc                                build/usbd_cdc.o
USBD_CDC_CfgHSDesc                                build/usbd_cdc.o
USBD_CDC_GetDeviceQualifierDescriptor             build/usbd_cdc.o
USBD_CDC_OtherSpeedCfgDesc                        build/usbd_cdc.o
USBD_CDC_ReceivePacket                            build/usbd_cdc.o
                                                  build/usbd_cdc_if.o
USBD_CDC_RegisterInterface                        build/usbd_cdc.o
                                                  build/usb_device.o
USBD_CDC_SetRxBuffer                              build/usbd_cdc.o
                                                  build/usbd_cdc_if.o
USBD_CDC_SetTxBuffer                              build/usbd_cdc.o
                                                  build/usbd_cdc_if.o
USBD_CDC_TransmitPacket                           build/usbd_cdc.o
                                                  build/usbd_cdc_if.o
USBD_ClrClassConfig                               build/usbd_core.o
                                                  build/usbd_ctlreq.o
USBD_CtlContinueRx                                build/usbd_ioreq.o
                                                  build/usbd_core.o
USBD_CtlContinueSendData                          build/usbd_ioreq.o
                                                  build/usbd_core.o
USBD_CtlError                                     build/usbd_ctlreq.o
                                                  build/usbd_cdc.o
USBD_CtlPrepareRx                                 build/usbd_ioreq.o
                                                  build/usbd_cdc.o
USBD_CtlReceiveStatus                             build/usbd_ioreq.o
                                                  build/usbd_core.o
USBD_CtlSendData                                  build/usbd_ioreq.o
                                                  build/usbd_cdc.o
                                                  build/usbd_ctlreq.o
USBD_CtlSendStatus                                build/usbd_ioreq.o
                                                  build/usbd_ctlreq.o
                                                  build/usbd_core.o
USBD_DeInit                                       build/usbd_core.o
USBD_FS_ConfigStrDescriptor                       build/usbd_desc.o
USBD_FS_DeviceDesc                                build/usbd_desc.o
USBD_FS_DeviceDescriptor                          build/usbd_desc.o
USBD_FS_InterfaceStrDescriptor                    build/usbd_desc.o
USBD_FS_LangIDStrDescriptor                       build/usbd_desc.o
USBD_FS_ManufacturerStrDescriptor                 build/usbd_desc.o
USBD_FS_ProductStrDescriptor                      build/usbd_desc.o
USBD_FS_SerialStrDescriptor                       build/usbd_desc.o
USBD_GetRxCount                                   build/usbd_ioreq.o
USBD_GetString                                    build/usbd_ctlreq.o
                                                  build/usbd_desc.o
USBD_Init                                         build/usbd_core.o
                                                  build/usb_device.o
USBD_Interface_fops_FS                            build/usbd_cdc_if.o
                                                  build/usb_device.o
USBD_LL_ClearStallEP                              build/usbd_conf.o
                                                  build/usbd_ctlreq.o
USBD_LL_CloseEP                                   build/usbd_conf.o
                                                  build/usbd_cdc.o
USBD_LL_DataInStage                               build/usbd_core.o
                                                  build/usbd_conf.o
USBD_LL_DataOutStage                              build/usbd_core.o
                                                  build/usbd_conf.o
USBD_LL_DeInit                                    build/usbd_conf.o
                                                  build/usbd_core.o
USBD_LL_Delay                                     build/usbd_conf.o
USBD_LL_DevConnected                              build/usbd_core.o
                                                  build/usbd_conf.o
USBD_LL_DevDisconnected                           build/usbd_core.o
                                                  build/usbd_conf.o
USBD_LL_FlushEP                                   build/usbd_conf.o
USBD_LL_GetRxDataSize                             build/usbd_conf.o
                                                  build/usbd_cdc.o
                                                  build/usbd_ioreq.o
USBD_LL_Init                                      build/usbd_conf.o
                                                  build/usbd_core.o
USBD_LL_IsStallEP                                 build/usbd_conf.o
                                                  build/usbd_ctlreq.o
USBD_LL_IsoINIncomplete                           build/usbd_core.o
                                                  build/usbd_conf.o
USBD_LL_IsoOUTIncomplete                          build/usbd_core.o
                                                  build/usbd_conf.o
USBD_LL_OpenEP                                    build/usbd_conf.o
                                                  build/usbd_cdc.o
                                                  build/usbd_core.o
USBD_LL_PrepareReceive                            build/usbd_conf.o
                                                  build/usbd_cdc.o
                                                  build/usbd_ioreq.o
                                                  build/usbd_core.o
USBD_LL_Reset                                     build/usbd_core.o
                                                  build/usbd_conf.o
USBD_LL_Resume                                    build/usbd_core.o
                                                  build/usbd_conf.o
USBD_LL_SOF                                       build/usbd_core.o
                                                  build/usbd_conf.o
USBD_LL_SetSpeed                                  build/usbd_core.o
                                                  build/usbd_conf.o
USBD_LL_SetUSBAddress                             build/usbd_conf.o
                                                  build/usbd_ctlreq.o
USBD_LL_SetupStage                                build/usbd_core.o
                                                  build/usbd_conf.o
USBD_LL_StallEP                                   build/usbd_conf.o
                                                  build/usbd_ctlreq.o
                                                  build/usbd_core.o
USBD_LL_Start                                     build/usbd_conf.o
                                                  build/usbd_core.o
USBD_LL_Stop                                      build/usbd_conf.o
                                                  build/usbd_core.o
USBD_LL_Suspend                                   build/usbd_core.o
                                                  build/usbd_conf.o
USBD_LL_Transmit                                  build/usbd_conf.o
                                                  build/usbd_cdc.o
                                                  build/usbd_ioreq.o
USBD_LangIDDesc                                   build/usbd_desc.o
USBD_ParseSetupRequest                            build/usbd_ctlreq.o
                                                  build/usbd_core.o
USBD_RegisterClass                                build/usbd_core.o
                                                  build/usb_device.o
USBD_RunTestMode                                  build/usbd_core.o
USBD_SetClassConfig                               build/usbd_core.o
                                                  build/usbd_ctlreq.o
USBD_Start                                        build/usbd_core.o
                                                  build/usb_device.o
USBD_StdDevReq                                    build/usbd_ctlreq.o
                                                  build/usbd_core.o
USBD_StdEPReq                                     build/usbd_ctlreq.o
                                                  build/usbd_core.o
USBD_StdItfReq                                    build/usbd_ctlreq.o
                                                  build/usbd_core.o
USBD_Stop                                         build/usbd_core.o
USBD_StrDesc                                      build/usbd_desc.o
USBD_StringSerial                                 build/usbd_desc.o
USBD_static_free                                  build/usbd_conf.o
                                                  build/usbd_cdc.o
USBD_static_malloc                                build/usbd_conf.o
                                                  build/usbd_cdc.o
USBWakeUp_IRQHandler                              build/startup_stm32f103xb.o
USB_ActivateEndpoint                              build/stm32f1xx_ll_usb.o
                                                  build/stm32f1xx_hal_pcd.o
USB_ActivateRemoteWakeup                          build/stm32f1xx_ll_usb.o
                                                  build/stm32f1xx_hal_pcd.o
USB_ClearInterrupts                               build/stm32f1xx_ll_usb.o
USB_CoreInit                                      build/stm32f1xx_ll_usb.o
                                                  build/stm32f1xx_hal_pcd.o
USB_DeActivateRemoteWakeup                        build/stm32f1xx_ll_usb.o
                                                  build/stm32f1xx_hal_pcd.o
USB_DeactivateEndpoint                            build/stm32f1xx_ll_usb.o
                                                  build/stm32f1xx_hal_pcd.o
USB_DevConnect                                    build/stm32f1xx_ll_usb.o
                                                  build/stm32f1xx_hal_pcd.o
USB_DevDisconnect                                 build/stm32f1xx_ll_usb.o
                                                  build/stm32f1xx_hal_pcd.o
USB_DevInit                                       build/stm32f1xx_ll_usb.o
                                                  build/stm32f1xx_hal_pcd.o
USB_DisableGlobalInt                              build/stm32f1xx_ll_usb.o
                                                  build/stm32f1xx_hal_pcd.o
USB_EP0_OutStart                                  build/stm32f1xx_ll_usb.o
                                                  build/stm32f1xx_hal_pcd.o
USB_EPClearStall                                  build/stm32f1xx_ll_usb.o
                                                  build/stm32f1xx_hal_pcd.o
USB_EPSetStall                                    build/stm32f1xx_ll_usb.o
                                                  build/stm32f1xx_hal_pcd.o
USB_EPStartXfer                                   build/stm32f1xx_ll_usb.o
                                                  build/stm32f1xx_hal_pcd.o
USB_EnableGlobalInt                               build/stm32f1xx_ll_usb.o
                                                  build/stm32f1xx_hal_pcd.o
USB_FlushRxFifo                                   build/stm32f1xx_ll_usb.o
                                                  build/stm32f1xx_hal_pcd.o
USB_FlushTxFifo                                   build/stm32f1xx_ll_usb.o
                                                  build/stm32f1xx_hal_pcd.o
USB_HP_CAN1_TX_IRQHandler                         build/startup_stm32f103xb.o
USB_LP_CAN1_RX0_IRQHandler                        build/stm32f1xx_it.o
USB_ReadDevAllInEpInterrupt                       build/stm32f1xx_ll_usb.o
USB_ReadDevAllOutEpInterrupt                      build/stm32f1xx_ll_usb.o
USB_ReadDevInEPInterrupt                          build/stm32f1xx_ll_usb.o
USB_ReadDevOutEPInterrupt                         build/stm32f1xx_ll_usb.o
USB_ReadInterrupts                                build/stm32f1xx_ll_usb.o
                                                  build/stm32f1xx_hal_pcd.o
USB_ReadPMA                                       build/stm32f1xx_ll_usb.o
                                                  build/stm32f1xx_hal_pcd.o
USB_SetCurrentMode                                build/stm32f1xx_ll_usb.o
                                                  build/stm32f1xx_hal_pcd.o
USB_SetDevAddress                                 build/stm32f1xx_ll_usb.o
                                                  build/stm32f1xx_hal_pcd.o
USB_StopDevice                                    build/stm32f1xx_ll_usb.o
                                                  build/stm32f1xx_hal_pcd.o
USB_WritePMA                                      build/stm32f1xx_ll_usb.o
                                                  build/stm32f1xx_hal_pcd.o
UsageFault_Handler                                build/stm32f1xx_it.o
UserRxBufferFS                                    build/usbd_cdc_if.o
UserTxBufferFS                                    build/usbd_cdc_if.o
WWDG_IRQHandler                                   build/startup_stm32f103xb.o
__bss_end__                                       /usr/local/Cellar/arm-none-eabi-gcc/9-2019-q4-major/gcc/bin/../lib/gcc/arm-none-eabi/9.2.1/../../../../arm-none-eabi/lib/thumb/v7-m/nofp/crt0.o
__bss_start__                                     /usr/local/Cellar/arm-none-eabi-gcc/9-2019-q4-major/gcc/bin/../lib/gcc/arm-none-eabi/9.2.1/../../../../arm-none-eabi/lib/thumb/v7-m/nofp/crt0.o
__call_exitprocs                                  /usr/local/Cellar/arm-none-eabi-gcc/9-2019-q4-major/gcc/bin/../lib/gcc/arm-none-eabi/9.2.1/../../../../arm-none-eabi/lib/thumb/v7-m/nofp/libc_nano.a(lib_a-exit.o)
__deregister_frame_info                           /usr/local/Cellar/arm-none-eabi-gcc/9-2019-q4-major/gcc/bin/../lib/gcc/arm-none-eabi/9.2.1/thumb/v7-m/nofp/crtbegin.o
__dso_handle                                      /usr/local/Cellar/arm-none-eabi-gcc/9-2019-q4-major/gcc/bin/../lib/gcc/arm-none-eabi/9.2.1/thumb/v7-m/nofp/crtbegin.o
__init_array_end                                  /usr/local/Cellar/arm-none-eabi-gcc/9-2019-q4-major/gcc/bin/../lib/gcc/arm-none-eabi/9.2.1/../../../../arm-none-eabi/lib/thumb/v7-m/nofp/libc_nano.a(lib_a-init.o)
__init_array_start                                /usr/local/Cellar/arm-none-eabi-gcc/9-2019-q4-major/gcc/bin/../lib/gcc/arm-none-eabi/9.2.1/../../../../arm-none-eabi/lib/thumb/v7-m/nofp/libc_nano.a(lib_a-init.o)
__libc_fini_array                                 /usr/local/Cellar/arm-none-eabi-gcc/9-2019-q4-major/gcc/bin/../lib/gcc/arm-none-eabi/9.2.1/../../../../arm-none-eabi/lib/thumb/v7-m/nofp/crt0.o
__libc_init_array                                 /usr/local/Cellar/arm-none-eabi-gcc/9-2019-q4-major/gcc/bin/../lib/gcc/arm-none-eabi/9.2.1/../../../../arm-none-eabi/lib/thumb/v7-m/nofp/libc_nano.a(lib_a-init.o)
                                                  build/startup_stm32f103xb.o
                                                  /usr/local/Cellar/arm-none-eabi-gcc/9-2019-q4-major/gcc/bin/../lib/gcc/arm-none-eabi/9.2.1/../../../../arm-none-eabi/lib/thumb/v7-m/nofp/crt0.o
__preinit_array_end                               /usr/local/Cellar/arm-none-eabi-gcc/9-2019-q4-major/gcc/bin/../lib/gcc/arm-none-eabi/9.2.1/../../../../arm-none-eabi/lib/thumb/v7-m/nofp/libc_nano.a(lib_a-init.o)
__preinit_array_start                             /usr/local/Cellar/arm-none-eabi-gcc/9-2019-q4-major/gcc/bin/../lib/gcc/arm-none-eabi/9.2.1/../../../../arm-none-eabi/lib/thumb/v7-m/nofp/libc_nano.a(lib_a-init.o)
__register_frame_info                             /usr/local/Cellar/arm-none-eabi-gcc/9-2019-q4-major/gcc/bin/../lib/gcc/arm-none-eabi/9.2.1/thumb/v7-m/nofp/crtbegin.o
__sf_fake_stderr                                  /usr/local/Cellar/arm-none-eabi-gcc/9-2019-q4-major/gcc/bin/../lib/gcc/arm-none-eabi/9.2.1/../../../../arm-none-eabi/lib/thumb/v7-m/nofp/libc_nano.a(lib_a-impure.o)
__sf_fake_stdin                                   /usr/local/Cellar/arm-none-eabi-gcc/9-2019-q4-major/gcc/bin/../lib/gcc/arm-none-eabi/9.2.1/../../../../arm-none-eabi/lib/thumb/v7-m/nofp/libc_nano.a(lib_a-impure.o)
__sf_fake_stdout                                  /usr/local/Cellar/arm-none-eabi-gcc/9-2019-q4-major/gcc/bin/../lib/gcc/arm-none-eabi/9.2.1/../../../../arm-none-eabi/lib/thumb/v7-m/nofp/libc_nano.a(lib_a-impure.o)
__stack                                           /usr/local/Cellar/arm-none-eabi-gcc/9-2019-q4-major/gcc/bin/../lib/gcc/arm-none-eabi/9.2.1/../../../../arm-none-eabi/lib/thumb/v7-m/nofp/crt0.o
_ebss                                             build/startup_stm32f103xb.o
_edata                                            build/startup_stm32f103xb.o
_estack                                           build/startup_stm32f103xb.o
_exit                                             /usr/local/Cellar/arm-none-eabi-gcc/9-2019-q4-major/gcc/bin/../lib/gcc/arm-none-eabi/9.2.1/../../../../arm-none-eabi/lib/thumb/v7-m/nofp/libnosys.a(_exit.o)